../Core/Src/main.c:94:5:main	8	static
../Core/Src/main.c:178:6:SystemClock_Config	232	static
../Core/Src/main.c:255:13:MX_DFSDM1_Init	8	static
../Core/Src/main.c:293:13:MX_I2C2_Init	8	static
../Core/Src/main.c:339:13:MX_QUADSPI_Init	8	static
../Core/Src/main.c:372:13:MX_SPI3_Init	8	static
../Core/Src/main.c:412:13:MX_USART1_UART_Init	8	static
../Core/Src/main.c:447:13:MX_USART3_UART_Init	8	static
../Core/Src/main.c:482:13:MX_USB_OTG_FS_PCD_Init	8	static
../Core/Src/main.c:517:13:MX_GPIO_Init	48	static
../Core/Src/main.c:710:6:StartDefaultTask	16	static
../Core/Src/main.c:729:6:HAL_TIM_PeriodElapsedCallback	16	static
../Core/Src/main.c:746:6:Error_Handler	4	static
