Archive member included to satisfy reference by file (symbol)

C:/ST/STM32CubeIDE_1.14.0/STM32CubeIDE/plugins/com.st.stm32cube.ide.mcu.externaltools.gnu-tools-for-stm32.11.3.rel1.win32_1.1.100.202309141235/tools/bin/../lib/gcc/arm-none-eabi/11.3.1/../../../../arm-none-eabi/lib/thumb/v7e-m+fp/hard\libc_nano.a(libc_a-exit.o)
                              C:/ST/STM32CubeIDE_1.14.0/STM32CubeIDE/plugins/com.st.stm32cube.ide.mcu.externaltools.gnu-tools-for-stm32.11.3.rel1.win32_1.1.100.202309141235/tools/bin/../lib/gcc/arm-none-eabi/11.3.1/../../../../arm-none-eabi/lib/thumb/v7e-m+fp/hard/crt0.o (exit)
C:/ST/STM32CubeIDE_1.14.0/STM32CubeIDE/plugins/com.st.stm32cube.ide.mcu.externaltools.gnu-tools-for-stm32.11.3.rel1.win32_1.1.100.202309141235/tools/bin/../lib/gcc/arm-none-eabi/11.3.1/../../../../arm-none-eabi/lib/thumb/v7e-m+fp/hard\libc_nano.a(libc_a-findfp.o)
                              ./Middlewares/Third_Party/FreeRTOS/Source/tasks.o (__sf)
C:/ST/STM32CubeIDE_1.14.0/STM32CubeIDE/plugins/com.st.stm32cube.ide.mcu.externaltools.gnu-tools-for-stm32.11.3.rel1.win32_1.1.100.202309141235/tools/bin/../lib/gcc/arm-none-eabi/11.3.1/../../../../arm-none-eabi/lib/thumb/v7e-m+fp/hard\libc_nano.a(libc_a-fwalk.o)
                              C:/ST/STM32CubeIDE_1.14.0/STM32CubeIDE/plugins/com.st.stm32cube.ide.mcu.externaltools.gnu-tools-for-stm32.11.3.rel1.win32_1.1.100.202309141235/tools/bin/../lib/gcc/arm-none-eabi/11.3.1/../../../../arm-none-eabi/lib/thumb/v7e-m+fp/hard\libc_nano.a(libc_a-findfp.o) (_fwalk_sglue)
C:/ST/STM32CubeIDE_1.14.0/STM32CubeIDE/plugins/com.st.stm32cube.ide.mcu.externaltools.gnu-tools-for-stm32.11.3.rel1.win32_1.1.100.202309141235/tools/bin/../lib/gcc/arm-none-eabi/11.3.1/../../../../arm-none-eabi/lib/thumb/v7e-m+fp/hard\libc_nano.a(libc_a-stdio.o)
                              C:/ST/STM32CubeIDE_1.14.0/STM32CubeIDE/plugins/com.st.stm32cube.ide.mcu.externaltools.gnu-tools-for-stm32.11.3.rel1.win32_1.1.100.202309141235/tools/bin/../lib/gcc/arm-none-eabi/11.3.1/../../../../arm-none-eabi/lib/thumb/v7e-m+fp/hard\libc_nano.a(libc_a-findfp.o) (__sread)
C:/ST/STM32CubeIDE_1.14.0/STM32CubeIDE/plugins/com.st.stm32cube.ide.mcu.externaltools.gnu-tools-for-stm32.11.3.rel1.win32_1.1.100.202309141235/tools/bin/../lib/gcc/arm-none-eabi/11.3.1/../../../../arm-none-eabi/lib/thumb/v7e-m+fp/hard\libc_nano.a(libc_a-memset.o)
                              C:/ST/STM32CubeIDE_1.14.0/STM32CubeIDE/plugins/com.st.stm32cube.ide.mcu.externaltools.gnu-tools-for-stm32.11.3.rel1.win32_1.1.100.202309141235/tools/bin/../lib/gcc/arm-none-eabi/11.3.1/../../../../arm-none-eabi/lib/thumb/v7e-m+fp/hard/crt0.o (memset)
C:/ST/STM32CubeIDE_1.14.0/STM32CubeIDE/plugins/com.st.stm32cube.ide.mcu.externaltools.gnu-tools-for-stm32.11.3.rel1.win32_1.1.100.202309141235/tools/bin/../lib/gcc/arm-none-eabi/11.3.1/../../../../arm-none-eabi/lib/thumb/v7e-m+fp/hard\libc_nano.a(libc_a-closer.o)
                              C:/ST/STM32CubeIDE_1.14.0/STM32CubeIDE/plugins/com.st.stm32cube.ide.mcu.externaltools.gnu-tools-for-stm32.11.3.rel1.win32_1.1.100.202309141235/tools/bin/../lib/gcc/arm-none-eabi/11.3.1/../../../../arm-none-eabi/lib/thumb/v7e-m+fp/hard\libc_nano.a(libc_a-stdio.o) (_close_r)
C:/ST/STM32CubeIDE_1.14.0/STM32CubeIDE/plugins/com.st.stm32cube.ide.mcu.externaltools.gnu-tools-for-stm32.11.3.rel1.win32_1.1.100.202309141235/tools/bin/../lib/gcc/arm-none-eabi/11.3.1/../../../../arm-none-eabi/lib/thumb/v7e-m+fp/hard\libc_nano.a(libc_a-reent.o)
                              ./Middlewares/Third_Party/FreeRTOS/Source/tasks.o (_reclaim_reent)
C:/ST/STM32CubeIDE_1.14.0/STM32CubeIDE/plugins/com.st.stm32cube.ide.mcu.externaltools.gnu-tools-for-stm32.11.3.rel1.win32_1.1.100.202309141235/tools/bin/../lib/gcc/arm-none-eabi/11.3.1/../../../../arm-none-eabi/lib/thumb/v7e-m+fp/hard\libc_nano.a(libc_a-impure.o)
                              ./Middlewares/Third_Party/FreeRTOS/Source/tasks.o (_impure_ptr)
C:/ST/STM32CubeIDE_1.14.0/STM32CubeIDE/plugins/com.st.stm32cube.ide.mcu.externaltools.gnu-tools-for-stm32.11.3.rel1.win32_1.1.100.202309141235/tools/bin/../lib/gcc/arm-none-eabi/11.3.1/../../../../arm-none-eabi/lib/thumb/v7e-m+fp/hard\libc_nano.a(libc_a-lseekr.o)
                              C:/ST/STM32CubeIDE_1.14.0/STM32CubeIDE/plugins/com.st.stm32cube.ide.mcu.externaltools.gnu-tools-for-stm32.11.3.rel1.win32_1.1.100.202309141235/tools/bin/../lib/gcc/arm-none-eabi/11.3.1/../../../../arm-none-eabi/lib/thumb/v7e-m+fp/hard\libc_nano.a(libc_a-stdio.o) (_lseek_r)
C:/ST/STM32CubeIDE_1.14.0/STM32CubeIDE/plugins/com.st.stm32cube.ide.mcu.externaltools.gnu-tools-for-stm32.11.3.rel1.win32_1.1.100.202309141235/tools/bin/../lib/gcc/arm-none-eabi/11.3.1/../../../../arm-none-eabi/lib/thumb/v7e-m+fp/hard\libc_nano.a(libc_a-readr.o)
[...]
Memory Configuration

Name             Origin             Length             Attributes
RAM              0x0000000020000000 0x0000000000018000 xrw
RAM2             0x0000000010000000 0x0000000000008000 xrw
FLASH            0x0000000008000000 0x0000000000100000 xr
*default*        0x0000000000000000 0xffffffffffffffff

Linker script and memory map

LOAD C:/ST/STM32CubeIDE_1.14.0/STM32CubeIDE/plugins/com.st.stm32cube.ide.mcu.externaltools.gnu-tools-for-stm32.11.3.rel1.win32_1.1.100.202309141235/tools/bin/../lib/gcc/arm-none-eabi/11.3.1/thumb/v7e-m+fp/hard/crti.o
LOAD C:/ST/STM32CubeIDE_1.14.0/STM32CubeIDE/plugins/com.st.stm32cube.ide.mcu.externaltools.gnu-tools-for-stm32.11.3.rel1.win32_1.1.100.202309141235/tools/bin/../lib/gcc/arm-none-eabi/11.3.1/thumb/v7e-m+fp/hard/crtbegin.o
LOAD C:/ST/STM32CubeIDE_1.14.0/STM32CubeIDE/plugins/com.st.stm32cube.ide.mcu.externaltools.gnu-tools-for-stm32.11.3.rel1.win32_1.1.100.202309141235/tools/bin/../lib/gcc/arm-none-eabi/11.3.1/../../../../arm-none-eabi/lib/thumb/v7e-m+fp/hard/crt0.o
LOAD ./Core/Src/LedTask.o
LOAD ./Core/Src/freertos.o
LOAD ./Core/Src/joy_driver.o
LOAD ./Core/Src/led_driver.o
LOAD ./Core/Src/main.o
LOAD ./Core/Src/stm32l4xx_hal_msp.o
LOAD ./Core/Src/stm32l4xx_hal_timebase_tim.o
LOAD ./Core/Src/stm32l4xx_it.o
LOAD ./Core/Src/syscalls.o
LOAD ./Core/Src/sysmem.o
LOAD ./Core/Src/system_stm32l4xx.o
LOAD ./Core/Startup/startup_stm32l475vgtx.o
LOAD ./Drivers/STM32L4xx_HAL_Driver/Src/stm32l4xx_hal.o
LOAD ./Drivers/STM32L4xx_HAL_Driver/Src/stm32l4xx_hal_cortex.o
LOAD ./Drivers/STM32L4xx_HAL_Driver/Src/stm32l4xx_hal_dfsdm.o
LOAD ./Drivers/STM32L4xx_HAL_Driver/Src/stm32l4xx_hal_dma.o
LOAD ./Drivers/STM32L4xx_HAL_Driver/Src/stm32l4xx_hal_dma_ex.o
LOAD ./Drivers/STM32L4xx_HAL_Driver/Src/stm32l4xx_hal_exti.o
LOAD ./Drivers/STM32L4xx_HAL_Driver/Src/stm32l4xx_hal_flash.o
LOAD ./Drivers/STM32L4xx_HAL_Driver/Src/stm32l4xx_hal_flash_ex.o
LOAD ./Drivers/STM32L4xx_HAL_Driver/Src/stm32l4xx_hal_flash_ramfunc.o
LOAD ./Drivers/STM32L4xx_HAL_Driver/Src/stm32l4xx_hal_gpio.o
LOAD ./Drivers/STM32L4xx_HAL_Driver/Src/stm32l4xx_hal_i2c.o
LOAD ./Drivers/STM32L4xx_HAL_Driver/Src/stm32l4xx_hal_i2c_ex.o
LOAD ./Drivers/STM32L4xx_HAL_Driver/Src/stm32l4xx_hal_pcd.o
LOAD ./Drivers/STM32L4xx_HAL_Driver/Src/stm32l4xx_hal_pcd_ex.o
LOAD ./Drivers/STM32L4xx_HAL_Driver/Src/stm32l4xx_hal_pwr.o
LOAD ./Drivers/STM32L4xx_HAL_Driver/Src/stm32l4xx_hal_pwr_ex.o
LOAD ./Drivers/STM32L4xx_HAL_Driver/Src/stm32l4xx_hal_qspi.o
LOAD ./Drivers/STM32L4xx_HAL_Driver/Src/stm32l4xx_hal_rcc.o
LOAD ./Drivers/STM32L4xx_HAL_Driver/Src/stm32l4xx_hal_rcc_ex.o
LOAD ./Drivers/STM32L4xx_HAL_Driver/Src/stm32l4xx_hal_spi.o
LOAD ./Drivers/STM32L4xx_HAL_Driver/Src/stm32l4xx_hal_spi_ex.o
LOAD ./Drivers/STM32L4xx_HAL_Driver/Src/stm32l4xx_hal_tim.o
LOAD ./Drivers/STM32L4xx_HAL_Driver/Src/stm32l4xx_hal_tim_ex.o
LOAD ./Drivers/STM32L4xx_HAL_Driver/Src/stm32l4xx_hal_uart.o
LOAD ./Drivers/STM32L4xx_HAL_Driver/Src/stm32l4xx_hal_uart_ex.o
LOAD ./Drivers/STM32L4xx_HAL_Driver/Src/stm32l4xx_ll_usb.o
LOAD ./Middlewares/Third_Party/FreeRTOS/Source/CMSIS_RTOS_V2/cmsis_os2.o
LOAD ./Middlewares/Third_Party/FreeRTOS/Source/croutine.o
LOAD ./Middlewares/Third_Party/FreeRTOS/Source/event_groups.o
LOAD ./Middlewares/Third_Party/FreeRTOS/Source/list.o
LOAD ./Middlewares/Third_Party/FreeRTOS/Source/queue.o
LOAD ./Middlewares/Third_Party/FreeRTOS/Source/stream_buffer.o
LOAD ./Middlewares/Third_Party/FreeRTOS/Source/tasks.o
LOAD ./Middlewares/Third_Party/FreeRTOS/Source/timers.o
LOAD ./Middlewares/Third_Party/FreeRTOS/Source/portable/GCC/ARM_CM4F/port.o
LOAD ./Middlewares/Third_Party/FreeRTOS/Source/portable/MemMang/heap_4.o
START GROUP
LOAD C:/ST/STM32CubeIDE_1.14.0/STM32CubeIDE/plugins/com.st.stm32cube.ide.mcu.externaltools.gnu-tools-for-stm32.11.3.rel1.win32_1.1.100.202309141235/tools/bin/../lib/gcc/arm-none-eabi/11.3.1/../../../../arm-none-eabi/lib/thumb/v7e-m+fp/hard\libc_nano.a
LOAD C:/ST/STM32CubeIDE_1.14.0/STM32CubeIDE/plugins/com.st.stm32cube.ide.mcu.externaltools.gnu-tools-for-stm32.11.3.rel1.win32_1.1.100.202309141235/tools/bin/../lib/gcc/arm-none-eabi/11.3.1/../../../../arm-none-eabi/lib/thumb/v7e-m+fp/hard\libm.a
END GROUP
START GROUP
LOAD C:/ST/STM32CubeIDE_1.14.0/STM32CubeIDE/plugins/com.st.stm32cube.ide.mcu.externaltools.gnu-tools-for-stm32.11.3.rel1.win32_1.1.100.202309141235/tools/bin/../lib/gcc/arm-none-eabi/11.3.1/thumb/v7e-m+fp/hard\libgcc.a
LOAD C:/ST/STM32CubeIDE_1.14.0/STM32CubeIDE/plugins/com.st.stm32cube.ide.mcu.externaltools.gnu-tools-for-stm32.11.3.rel1.win32_1.1.100.202309141235/tools/bin/../lib/gcc/arm-none-eabi/11.3.1/../../../../arm-none-eabi/lib/thumb/v7e-m+fp/hard\libc_nano.a
END GROUP
START GROUP
LOAD C:/ST/STM32CubeIDE_1.14.0/STM32CubeIDE/plugins/com.st.stm32cube.ide.mcu.externaltools.gnu-tools-for-stm32.11.3.rel1.win32_1.1.100.202309141235/tools/bin/../lib/gcc/arm-none-eabi/11.3.1/thumb/v7e-m+fp/hard\libgcc.a
LOAD C:/ST/STM32CubeIDE_1.14.0/STM32CubeIDE/plugins/com.st.stm32cube.ide.mcu.externaltools.gnu-tools-for-stm32.11.3.rel1.win32_1.1.100.202309141235/tools/bin/../lib/gcc/arm-none-eabi/11.3.1/../../../../arm-none-eabi/lib/thumb/v7e-m+fp/hard\libc_nano.a
LOAD C:/ST/STM32CubeIDE_1.14.0/STM32CubeIDE/plugins/com.st.stm32cube.ide.mcu.externaltools.gnu-tools-for-stm32.11.3.rel1.win32_1.1.100.202309141235/tools/bin/../lib/gcc/arm-none-eabi/11.3.1/../../../../arm-none-eabi/lib/thumb/v7e-m+fp/hard\libnosys.a
END GROUP
START GROUP
LOAD C:/ST/STM32CubeIDE_1.14.0/STM32CubeIDE/plugins/com.st.stm32cube.ide.mcu.externaltools.gnu-tools-for-stm32.11.3.rel1.win32_1.1.100.202309141235/tools/bin/../lib/gcc/arm-none-eabi/11.3.1/thumb/v7e-m+fp/hard\libgcc.a
LOAD C:/ST/STM32CubeIDE_1.14.0/STM32CubeIDE/plugins/com.st.stm32cube.ide.mcu.externaltools.gnu-tools-for-stm32.11.3.rel1.win32_1.1.100.202309141235/tools/bin/../lib/gcc/arm-none-eabi/11.3.1/../../../../arm-none-eabi/lib/thumb/v7e-m+fp/hard\libc_nano.a
LOAD C:/ST/STM32CubeIDE_1.14.0/STM32CubeIDE/plugins/com.st.stm32cube.ide.mcu.externaltools.gnu-tools-for-stm32.11.3.rel1.win32_1.1.100.202309141235/tools/bin/../lib/gcc/arm-none-eabi/11.3.1/../../../../arm-none-eabi/lib/thumb/v7e-m+fp/hard\libnosys.a
END GROUP
LOAD C:/ST/STM32CubeIDE_1.14.0/STM32CubeIDE/plugins/com.st.stm32cube.ide.mcu.externaltools.gnu-tools-for-stm32.11.3.rel1.win32_1.1.100.202309141235/tools/bin/../lib/gcc/arm-none-eabi/11.3.1/thumb/v7e-m+fp/hard/crtend.o
LOAD C:/ST/STM32CubeIDE_1.14.0/STM32CubeIDE/plugins/com.st.stm32cube.ide.mcu.externaltools.gnu-tools-for-stm32.11.3.rel1.win32_1.1.100.202309141235/tools/bin/../lib/gcc/arm-none-eabi/11.3.1/thumb/v7e-m+fp/hard/crtn.o
                0x0000000020018000                _estack = (ORIGIN (RAM) + LENGTH (RAM))
                0x0000000000000200                _Min_Heap_Size = 0x200
                0x0000000000000400                _Min_Stack_Size = 0x400

.isr_vector     0x0000000008000000      0x188
                0x0000000008000000                . = ALIGN (0x4)
 *(.isr_vector)
 .isr_vector    0x0000000008000000      0x188 ./Core/Startup/startup_stm32l475vgtx.o
                0x0000000008000000                g_pfnVectors
                0x0000000008000188                . = ALIGN (0x4)

.text           0x0000000008000190     0x80e8
                0x0000000008000190                . = ALIGN (0x4)
 *(.text)
 .text          0x0000000008000190       0x40 C:/ST/STM32CubeIDE_1.14.0/STM32CubeIDE/plugins/com.st.stm32cube.ide.mcu.externaltools.gnu-tools-for-stm32.11.3.rel1.win32_1.1.100.202309141235/tools/bin/../lib/gcc/arm-none-eabi/11.3.1/thumb/v7e-m+fp/hard/crtbegin.o
 .text          0x00000000080001d0       0x30 C:/ST/STM32CubeIDE_1.14.0/STM32CubeIDE/plugins/com.st.stm32cube.ide.mcu.externaltools.gnu-tools-for-stm32.11.3.rel1.win32_1.1.100.202309141235/tools/bin/../lib/gcc/arm-none-eabi/11.3.1/thumb/v7e-m+fp/hard\libgcc.a(_aeabi_uldivmod.o)
                0x00000000080001d0                __aeabi_uldivmod
 .text          0x0000000008000200      0x2c8 C:/ST/STM32CubeIDE_1.14.0/STM32CubeIDE/plugins/com.st.stm32cube.ide.mcu.externaltools.gnu-tools-for-stm32.11.3.rel1.win32_1.1.100.202309141235/tools/bin/../lib/gcc/arm-none-eabi/11.3.1/thumb/v7e-m+fp/hard\libgcc.a(_udivmoddi4.o)
                0x0000000008000200                __udivmoddi4
 .text          0x00000000080004c8        0x4 C:/ST/STM32CubeIDE_1.14.0/STM32CubeIDE/plugins/com.st.stm32cube.ide.mcu.externaltools.gnu-tools-for-stm32.11.3.rel1.win32_1.1.100.202309141235/tools/bin/../lib/gcc/arm-none-eabi/11.3.1/thumb/v7e-m+fp/hard\libgcc.a(_dvmd_tls.o)
                0x00000000080004c8                __aeabi_idiv0
                0x00000000080004c8                __aeabi_ldiv0
 *(.text*)
 .text.CreateLedTask
                0x00000000080004cc       0x88 ./Core/Src/LedTask.o
                0x00000000080004cc                CreateLedTask
 .text.JoyTask  0x0000000008000554       0x74 ./Core/Src/LedTask.o
                0x0000000008000554                JoyTask
 .text.animationTask1
                0x00000000080005c8       0x42 ./Core/Src/LedTask.o
                0x00000000080005c8                animationTask1
 .text.animationTask2
                0x000000000800060a       0x68 ./Core/Src/LedTask.o
                0x000000000800060a                animationTask2
 .text.animationTask3
                0x0000000008000672       0x62 ./Core/Src/LedTask.o
                0x0000000008000672                animationTask3
 .text.ReadJoy  0x00000000080006d4       0x64 ./Core/Src/joy_driver.o
                0x00000000080006d4                ReadJoy
 .text.LED_Toggle
                0x0000000008000738       0x7c ./Core/Src/led_driver.o
                0x0000000008000738                LED_Toggle
 .text.main     0x00000000080007b4       0x58 ./Core/Src/main.o
                0x00000000080007b4                main
 .text.SystemClock_Config
                0x000000000800080c       0xc4 ./Core/Src/main.o
                0x000000000800080c                SystemClock_Config
 .text.MX_DFSDM1_Init
                0x00000000080008d0       0x70 ./Core/Src/main.o
 .text.MX_I2C2_Init
                0x0000000008000940       0x80 ./Core/Src/main.o
 .text.MX_QUADSPI_Init
                0x00000000080009c0       0x4c ./Core/Src/main.o
 .text.MX_SPI3_Init
                0x0000000008000a0c       0x7c ./Core/Src/main.o
 .text.MX_USART1_UART_Init
                0x0000000008000a88       0x60 ./Core/Src/main.o
 .text.MX_USART3_UART_Init
                0x0000000008000ae8       0x60 ./Core/Src/main.o
 .text.MX_USB_OTG_FS_PCD_Init
                0x0000000008000b48       0x5c ./Core/Src/main.o
 .text.MX_GPIO_Init
                0x0000000008000ba4      0x360 ./Core/Src/main.o
 .text.StartDefaultTask
                0x0000000008000f04       0x10 ./Core/Src/main.o
                0x0000000008000f04                StartDefaultTask
 .text.HAL_TIM_PeriodElapsedCallback
                0x0000000008000f14       0x24 ./Core/Src/main.o
                0x0000000008000f14                HAL_TIM_PeriodElapsedCallback
 .text.Error_Handler
                0x0000000008000f38        0xa ./Core/Src/main.o
                0x0000000008000f38                Error_Handler
 *fill*         0x0000000008000f42        0x2 
 .text.HAL_MspInit
                0x0000000008000f44       0x50 ./Core/Src/stm32l4xx_hal_msp.o
                0x0000000008000f44                HAL_MspInit
 .text.HAL_DFSDM_ChannelMspInit
                0x0000000008000f94       0xc8 ./Core/Src/stm32l4xx_hal_msp.o
                0x0000000008000f94                HAL_DFSDM_ChannelMspInit
 .text.HAL_I2C_MspInit
                0x000000000800105c       0xbc ./Core/Src/stm32l4xx_hal_msp.o
                0x000000000800105c                HAL_I2C_MspInit
 .text.HAL_QSPI_MspInit
                0x0000000008001118       0x88 ./Core/Src/stm32l4xx_hal_msp.o
                0x0000000008001118                HAL_QSPI_MspInit
 .text.HAL_SPI_MspInit
                0x00000000080011a0       0x88 ./Core/Src/stm32l4xx_hal_msp.o
                0x00000000080011a0                HAL_SPI_MspInit
 .text.HAL_UART_MspInit
                0x0000000008001228      0x148 ./Core/Src/stm32l4xx_hal_msp.o
                0x0000000008001228                HAL_UART_MspInit
 .text.HAL_PCD_MspInit
                0x0000000008001370      0x138 ./Core/Src/stm32l4xx_hal_msp.o
                0x0000000008001370                HAL_PCD_MspInit
 .text.HAL_InitTick
                0x00000000080014a8       0xdc ./Core/Src/stm32l4xx_hal_timebase_tim.o
                0x00000000080014a8                HAL_InitTick
 .text.NMI_Handler
                0x0000000008001584        0x6 ./Core/Src/stm32l4xx_it.o
                0x0000000008001584                NMI_Handler
 .text.HardFault_Handler
                0x000000000800158a        0x6 ./Core/Src/stm32l4xx_it.o
                0x000000000800158a                HardFault_Handler
 .text.MemManage_Handler
                0x0000000008001590        0x6 ./Core/Src/stm32l4xx_it.o
                0x0000000008001590                MemManage_Handler
 .text.BusFault_Handler
                0x0000000008001596        0x6 ./Core/Src/stm32l4xx_it.o
                0x0000000008001596                BusFault_Handler
 .text.UsageFault_Handler
                0x000000000800159c        0x6 ./Core/Src/stm32l4xx_it.o
                0x000000000800159c                UsageFault_Handler
 .text.DebugMon_Handler
                0x00000000080015a2        0xe ./Core/Src/stm32l4xx_it.o
                0x00000000080015a2                DebugMon_Handler
 .text.EXTI9_5_IRQHandler
                0x00000000080015b0       0x22 ./Core/Src/stm32l4xx_it.o
                0x00000000080015b0                EXTI9_5_IRQHandler
 *fill*         0x00000000080015d2        0x2 
 .text.TIM1_TRG_COM_TIM17_IRQHandler
                0x00000000080015d4       0x14 ./Core/Src/stm32l4xx_it.o
                0x00000000080015d4                TIM1_TRG_COM_TIM17_IRQHandler
 .text.EXTI15_10_IRQHandler
                0x00000000080015e8       0x28 ./Core/Src/stm32l4xx_it.o
                0x00000000080015e8                EXTI15_10_IRQHandler
 .text.SystemInit
                0x0000000008001610       0x24 ./Core/Src/system_stm32l4xx.o
                0x0000000008001610                SystemInit
 .text.Reset_Handler
                0x0000000008001634       0x50 ./Core/Startup/startup_stm32l475vgtx.o
                0x0000000008001634                Reset_Handler
 .text.Default_Handler
                0x0000000008001684        0x2 ./Core/Startup/startup_stm32l475vgtx.o
                0x0000000008001684                RTC_Alarm_IRQHandler
                0x0000000008001684                EXTI2_IRQHandler
                0x0000000008001684                TIM8_TRG_COM_IRQHandler
                0x0000000008001684                TIM8_CC_IRQHandler
                0x0000000008001684                TIM1_CC_IRQHandler
                0x0000000008001684                TSC_IRQHandler
                0x0000000008001684                TAMP_STAMP_IRQHandler
                0x0000000008001684                EXTI3_IRQHandler
                0x0000000008001684                LPTIM2_IRQHandler
                0x0000000008001684                DFSDM1_FLT1_IRQHandler
                0x0000000008001684                I2C3_ER_IRQHandler
                0x0000000008001684                DFSDM1_FLT2_IRQHandler
                0x0000000008001684                EXTI0_IRQHandler
                0x0000000008001684                I2C2_EV_IRQHandler
                0x0000000008001684                CAN1_RX0_IRQHandler
                0x0000000008001684                FPU_IRQHandler
                0x0000000008001684                TIM1_UP_TIM16_IRQHandler
                0x0000000008001684                ADC1_2_IRQHandler
                0x0000000008001684                SPI1_IRQHandler
                0x0000000008001684                TIM6_DAC_IRQHandler
                0x0000000008001684                TIM8_UP_IRQHandler
                0x0000000008001684                DMA2_Channel2_IRQHandler
                0x0000000008001684                DMA1_Channel4_IRQHandler
                0x0000000008001684                SAI2_IRQHandler
                0x0000000008001684                DFSDM1_FLT3_IRQHandler
                0x0000000008001684                USART3_IRQHandler
                0x0000000008001684                DMA1_Channel7_IRQHandler
                0x0000000008001684                CAN1_RX1_IRQHandler
                0x0000000008001684                UART5_IRQHandler
                0x0000000008001684                ADC3_IRQHandler
                0x0000000008001684                TIM4_IRQHandler
                0x0000000008001684                DMA2_Channel1_IRQHandler
                0x0000000008001684                QUADSPI_IRQHandler
                0x0000000008001684                I2C1_EV_IRQHandler
                0x0000000008001684                DMA1_Channel6_IRQHandler
                0x0000000008001684                UART4_IRQHandler
                0x0000000008001684                DMA2_Channel4_IRQHandler
                0x0000000008001684                TIM3_IRQHandler
                0x0000000008001684                RCC_IRQHandler
                0x0000000008001684                DMA1_Channel1_IRQHandler
                0x0000000008001684                Default_Handler
                0x0000000008001684                DMA2_Channel7_IRQHandler
                0x0000000008001684                TIM7_IRQHandler
                0x0000000008001684                SDMMC1_IRQHandler
                0x0000000008001684                TIM5_IRQHandler
                0x0000000008001684                I2C3_EV_IRQHandler
                0x0000000008001684                RTC_WKUP_IRQHandler
                0x0000000008001684                PVD_PVM_IRQHandler
                0x0000000008001684                SPI2_IRQHandler
                0x0000000008001684                CAN1_TX_IRQHandler
                0x0000000008001684                DMA2_Channel5_IRQHandler
                0x0000000008001684                DMA1_Channel5_IRQHandler
                0x0000000008001684                EXTI4_IRQHandler
                0x0000000008001684                RNG_IRQHandler
                0x0000000008001684                DMA1_Channel3_IRQHandler
                0x0000000008001684                COMP_IRQHandler
                0x0000000008001684                WWDG_IRQHandler
                0x0000000008001684                LPUART1_IRQHandler
                0x0000000008001684                DMA2_Channel6_IRQHandler
                0x0000000008001684                TIM2_IRQHandler
                0x0000000008001684                EXTI1_IRQHandler
                0x0000000008001684                USART2_IRQHandler
                0x0000000008001684                DFSDM1_FLT0_IRQHandler
                0x0000000008001684                I2C2_ER_IRQHandler
                0x0000000008001684                DMA1_Channel2_IRQHandler
                0x0000000008001684                TIM8_BRK_IRQHandler
                0x0000000008001684                CAN1_SCE_IRQHandler
                0x0000000008001684                FLASH_IRQHandler
                0x0000000008001684                USART1_IRQHandler
                0x0000000008001684                OTG_FS_IRQHandler
                0x0000000008001684                SPI3_IRQHandler
                0x0000000008001684                I2C1_ER_IRQHandler
                0x0000000008001684                FMC_IRQHandler
                0x0000000008001684                SWPMI1_IRQHandler
                0x0000000008001684                LPTIM1_IRQHandler
                0x0000000008001684                SAI1_IRQHandler
                0x0000000008001684                DMA2_Channel3_IRQHandler
                0x0000000008001684                TIM1_BRK_TIM15_IRQHandler
 .text.HAL_Init
                0x0000000008001686       0x30 ./Drivers/STM32L4xx_HAL_Driver/Src/stm32l4xx_hal.o
                0x0000000008001686                HAL_Init
 *fill*         0x00000000080016b6        0x2 
 .text.HAL_IncTick
                0x00000000080016b8       0x28 ./Drivers/STM32L4xx_HAL_Driver/Src/stm32l4xx_hal.o
                0x00000000080016b8                HAL_IncTick
 .text.HAL_GetTick
                0x00000000080016e0       0x18 ./Drivers/STM32L4xx_HAL_Driver/Src/stm32l4xx_hal.o
                0x00000000080016e0                HAL_GetTick
 .text.HAL_Delay
                0x00000000080016f8       0x48 ./Drivers/STM32L4xx_HAL_Driver/Src/stm32l4xx_hal.o
                0x00000000080016f8                HAL_Delay
 .text.__NVIC_SetPriorityGrouping
                0x0000000008001740       0x48 ./Drivers/STM32L4xx_HAL_Driver/Src/stm32l4xx_hal_cortex.o
 .text.__NVIC_GetPriorityGrouping
                0x0000000008001788       0x1c ./Drivers/STM32L4xx_HAL_Driver/Src/stm32l4xx_hal_cortex.o
 .text.__NVIC_EnableIRQ
                0x00000000080017a4       0x3c ./Drivers/STM32L4xx_HAL_Driver/Src/stm32l4xx_hal_cortex.o
 .text.__NVIC_SetPriority
                0x00000000080017e0       0x54 ./Drivers/STM32L4xx_HAL_Driver/Src/stm32l4xx_hal_cortex.o
 .text.NVIC_EncodePriority
                0x0000000008001834       0x66 ./Drivers/STM32L4xx_HAL_Driver/Src/stm32l4xx_hal_cortex.o
 .text.HAL_NVIC_SetPriorityGrouping
                0x000000000800189a       0x16 ./Drivers/STM32L4xx_HAL_Driver/Src/stm32l4xx_hal_cortex.o
                0x000000000800189a                HAL_NVIC_SetPriorityGrouping
 .text.HAL_NVIC_SetPriority
                0x00000000080018b0       0x38 ./Drivers/STM32L4xx_HAL_Driver/Src/stm32l4xx_hal_cortex.o
                0x00000000080018b0                HAL_NVIC_SetPriority
 .text.HAL_NVIC_EnableIRQ
                0x00000000080018e8       0x1c ./Drivers/STM32L4xx_HAL_Driver/Src/stm32l4xx_hal_cortex.o
                0x00000000080018e8                HAL_NVIC_EnableIRQ
 .text.HAL_DFSDM_ChannelInit
                0x0000000008001904      0x180 ./Drivers/STM32L4xx_HAL_Driver/Src/stm32l4xx_hal_dfsdm.o
                0x0000000008001904                HAL_DFSDM_ChannelInit
 .text.DFSDM_GetChannelFromInstance
                0x0000000008001a84       0x98 ./Drivers/STM32L4xx_HAL_Driver/Src/stm32l4xx_hal_dfsdm.o
 .text.HAL_GPIO_Init
                0x0000000008001b1c      0x354 ./Drivers/STM32L4xx_HAL_Driver/Src/stm32l4xx_hal_gpio.o
                0x0000000008001b1c                HAL_GPIO_Init
 .text.HAL_GPIO_ReadPin
                0x0000000008001e70       0x30 ./Drivers/STM32L4xx_HAL_Driver/Src/stm32l4xx_hal_gpio.o
                0x0000000008001e70                HAL_GPIO_ReadPin
 .text.HAL_GPIO_WritePin
                0x0000000008001ea0       0x30 ./Drivers/STM32L4xx_HAL_Driver/Src/stm32l4xx_hal_gpio.o
                0x0000000008001ea0                HAL_GPIO_WritePin
 .text.HAL_GPIO_TogglePin
                0x0000000008001ed0       0x34 ./Drivers/STM32L4xx_HAL_Driver/Src/stm32l4xx_hal_gpio.o
                0x0000000008001ed0                HAL_GPIO_TogglePin
 .text.HAL_GPIO_EXTI_IRQHandler
                0x0000000008001f04       0x30 ./Drivers/STM32L4xx_HAL_Driver/Src/stm32l4xx_hal_gpio.o
                0x0000000008001f04                HAL_GPIO_EXTI_IRQHandler
 .text.HAL_GPIO_EXTI_Callback
                0x0000000008001f34       0x16 ./Drivers/STM32L4xx_HAL_Driver/Src/stm32l4xx_hal_gpio.o
                0x0000000008001f34                HAL_GPIO_EXTI_Callback
 .text.HAL_I2C_Init
                0x0000000008001f4a      0x136 ./Drivers/STM32L4xx_HAL_Driver/Src/stm32l4xx_hal_i2c.o
                0x0000000008001f4a                HAL_I2C_Init
 .text.HAL_I2CEx_ConfigAnalogFilter
                0x0000000008002080       0x96 ./Drivers/STM32L4xx_HAL_Driver/Src/stm32l4xx_hal_i2c_ex.o
                0x0000000008002080                HAL_I2CEx_ConfigAnalogFilter
 .text.HAL_I2CEx_ConfigDigitalFilter
                0x0000000008002116       0x98 ./Drivers/STM32L4xx_HAL_Driver/Src/stm32l4xx_hal_i2c_ex.o
                0x0000000008002116                HAL_I2CEx_ConfigDigitalFilter
 .text.HAL_PCD_Init
                0x00000000080021ae      0x21e ./Drivers/STM32L4xx_HAL_Driver/Src/stm32l4xx_hal_pcd.o
                0x00000000080021ae                HAL_PCD_Init
 .text.HAL_PCDEx_ActivateLPM
                0x00000000080023cc       0x48 ./Drivers/STM32L4xx_HAL_Driver/Src/stm32l4xx_hal_pcd_ex.o
                0x00000000080023cc                HAL_PCDEx_ActivateLPM
 .text.HAL_PWR_EnableBkUpAccess
                0x0000000008002414       0x20 ./Drivers/STM32L4xx_HAL_Driver/Src/stm32l4xx_hal_pwr.o
                0x0000000008002414                HAL_PWR_EnableBkUpAccess
 .text.HAL_PWREx_GetVoltageRange
                0x0000000008002434       0x1c ./Drivers/STM32L4xx_HAL_Driver/Src/stm32l4xx_hal_pwr_ex.o
                0x0000000008002434                HAL_PWREx_GetVoltageRange
 .text.HAL_PWREx_ControlVoltageScaling
                0x0000000008002450       0xac ./Drivers/STM32L4xx_HAL_Driver/Src/stm32l4xx_hal_pwr_ex.o
                0x0000000008002450                HAL_PWREx_ControlVoltageScaling
 .text.HAL_PWREx_EnableVddUSB
                0x00000000080024fc       0x20 ./Drivers/STM32L4xx_HAL_Driver/Src/stm32l4xx_hal_pwr_ex.o
                0x00000000080024fc                HAL_PWREx_EnableVddUSB
 .text.HAL_QSPI_Init
                0x000000000800251c       0xec ./Drivers/STM32L4xx_HAL_Driver/Src/stm32l4xx_hal_qspi.o
                0x000000000800251c                HAL_QSPI_Init
 .text.HAL_QSPI_SetTimeout
                0x0000000008002608       0x1c ./Drivers/STM32L4xx_HAL_Driver/Src/stm32l4xx_hal_qspi.o
                0x0000000008002608                HAL_QSPI_SetTimeout
 .text.QSPI_WaitFlagStateUntilTimeout
                0x0000000008002624       0x6e ./Drivers/STM32L4xx_HAL_Driver/Src/stm32l4xx_hal_qspi.o
 *fill*         0x0000000008002692        0x2 
 .text.HAL_RCC_OscConfig
                0x0000000008002694      0x7b8 ./Drivers/STM32L4xx_HAL_Driver/Src/stm32l4xx_hal_rcc.o
                0x0000000008002694                HAL_RCC_OscConfig
 .text.HAL_RCC_ClockConfig
                0x0000000008002e4c      0x200 ./Drivers/STM32L4xx_HAL_Driver/Src/stm32l4xx_hal_rcc.o
                0x0000000008002e4c                HAL_RCC_ClockConfig
 .text.HAL_RCC_GetSysClockFreq
                0x000000000800304c      0x118 ./Drivers/STM32L4xx_HAL_Driver/Src/stm32l4xx_hal_rcc.o
                0x000000000800304c                HAL_RCC_GetSysClockFreq
 .text.HAL_RCC_GetHCLKFreq
                0x0000000008003164       0x18 ./Drivers/STM32L4xx_HAL_Driver/Src/stm32l4xx_hal_rcc.o
                0x0000000008003164                HAL_RCC_GetHCLKFreq
 .text.HAL_RCC_GetPCLK1Freq
                0x000000000800317c       0x2c ./Drivers/STM32L4xx_HAL_Driver/Src/stm32l4xx_hal_rcc.o
                0x000000000800317c                HAL_RCC_GetPCLK1Freq
 .text.HAL_RCC_GetPCLK2Freq
                0x00000000080031a8       0x2c ./Drivers/STM32L4xx_HAL_Driver/Src/stm32l4xx_hal_rcc.o
                0x00000000080031a8                HAL_RCC_GetPCLK2Freq
 .text.HAL_RCC_GetClockConfig
                0x00000000080031d4       0x64 ./Drivers/STM32L4xx_HAL_Driver/Src/stm32l4xx_hal_rcc.o
                0x00000000080031d4                HAL_RCC_GetClockConfig
 .text.RCC_SetFlashLatencyFromMSIRange
                0x0000000008003238       0xc0 ./Drivers/STM32L4xx_HAL_Driver/Src/stm32l4xx_hal_rcc.o
 .text.HAL_RCCEx_PeriphCLKConfig
                0x00000000080032f8      0x5d4 ./Drivers/STM32L4xx_HAL_Driver/Src/stm32l4xx_hal_rcc_ex.o
                0x00000000080032f8                HAL_RCCEx_PeriphCLKConfig
 .text.HAL_RCCEx_EnableMSIPLLMode
                0x00000000080038cc       0x20 ./Drivers/STM32L4xx_HAL_Driver/Src/stm32l4xx_hal_rcc_ex.o
                0x00000000080038cc                HAL_RCCEx_EnableMSIPLLMode
 .text.RCCEx_PLLSAI1_Config
                0x00000000080038ec      0x1e8 ./Drivers/STM32L4xx_HAL_Driver/Src/stm32l4xx_hal_rcc_ex.o
 .text.RCCEx_PLLSAI2_Config
                0x0000000008003ad4      0x1bc ./Drivers/STM32L4xx_HAL_Driver/Src/stm32l4xx_hal_rcc_ex.o
 .text.HAL_SPI_Init
                0x0000000008003c90      0x146 ./Drivers/STM32L4xx_HAL_Driver/Src/stm32l4xx_hal_spi.o
                0x0000000008003c90                HAL_SPI_Init
 .text.HAL_TIM_Base_Init
                0x0000000008003dd6       0xae ./Drivers/STM32L4xx_HAL_Driver/Src/stm32l4xx_hal_tim.o
                0x0000000008003dd6                HAL_TIM_Base_Init
 .text.HAL_TIM_Base_MspInit
                0x0000000008003e84       0x14 ./Drivers/STM32L4xx_HAL_Driver/Src/stm32l4xx_hal_tim.o
                0x0000000008003e84                HAL_TIM_Base_MspInit
 .text.HAL_TIM_Base_Start_IT
                0x0000000008003e98       0xe0 ./Drivers/STM32L4xx_HAL_Driver/Src/stm32l4xx_hal_tim.o
                0x0000000008003e98                HAL_TIM_Base_Start_IT
 .text.HAL_TIM_IRQHandler
                0x0000000008003f78      0x20e ./Drivers/STM32L4xx_HAL_Driver/Src/stm32l4xx_hal_tim.o
                0x0000000008003f78                HAL_TIM_IRQHandler
 .text.HAL_TIM_OC_DelayElapsedCallback
                0x0000000008004186       0x14 ./Drivers/STM32L4xx_HAL_Driver/Src/stm32l4xx_hal_tim.o
                0x0000000008004186                HAL_TIM_OC_DelayElapsedCallback
 .text.HAL_TIM_IC_CaptureCallback
                0x000000000800419a       0x14 ./Drivers/STM32L4xx_HAL_Driver/Src/stm32l4xx_hal_tim.o
                0x000000000800419a                HAL_TIM_IC_CaptureCallback
 .text.HAL_TIM_PWM_PulseFinishedCallback
                0x00000000080041ae       0x14 ./Drivers/STM32L4xx_HAL_Driver/Src/stm32l4xx_hal_tim.o
                0x00000000080041ae                HAL_TIM_PWM_PulseFinishedCallback
 .text.HAL_TIM_TriggerCallback
                0x00000000080041c2       0x14 ./Drivers/STM32L4xx_HAL_Driver/Src/stm32l4xx_hal_tim.o
                0x00000000080041c2                HAL_TIM_TriggerCallback
 *fill*         0x00000000080041d6        0x2 
 .text.TIM_Base_SetConfig
                0x00000000080041d8      0x14c ./Drivers/STM32L4xx_HAL_Driver/Src/stm32l4xx_hal_tim.o
                0x00000000080041d8                TIM_Base_SetConfig
 .text.HAL_TIMEx_CommutCallback
                0x0000000008004324       0x14 ./Drivers/STM32L4xx_HAL_Driver/Src/stm32l4xx_hal_tim_ex.o
                0x0000000008004324                HAL_TIMEx_CommutCallback
 .text.HAL_TIMEx_BreakCallback
                0x0000000008004338       0x14 ./Drivers/STM32L4xx_HAL_Driver/Src/stm32l4xx_hal_tim_ex.o
                0x0000000008004338                HAL_TIMEx_BreakCallback
 .text.HAL_TIMEx_Break2Callback
                0x000000000800434c       0x14 ./Drivers/STM32L4xx_HAL_Driver/Src/stm32l4xx_hal_tim_ex.o
                0x000000000800434c                HAL_TIMEx_Break2Callback
 .text.HAL_UART_Init
                0x0000000008004360       0x9c ./Drivers/STM32L4xx_HAL_Driver/Src/stm32l4xx_hal_uart.o
                0x0000000008004360                HAL_UART_Init
 .text.UART_SetConfig
                0x00000000080043fc      0x570 ./Drivers/STM32L4xx_HAL_Driver/Src/stm32l4xx_hal_uart.o
                0x00000000080043fc                UART_SetConfig
 .text.UART_AdvFeatureConfig
                0x000000000800496c      0x144 ./Drivers/STM32L4xx_HAL_Driver/Src/stm32l4xx_hal_uart.o
                0x000000000800496c                UART_AdvFeatureConfig
 .text.UART_CheckIdleState
                0x0000000008004ab0      0x150 ./Drivers/STM32L4xx_HAL_Driver/Src/stm32l4xx_hal_uart.o
                0x0000000008004ab0                UART_CheckIdleState
 .text.UART_WaitOnFlagUntilTimeout
                0x0000000008004c00       0xda ./Drivers/STM32L4xx_HAL_Driver/Src/stm32l4xx_hal_uart.o
                0x0000000008004c00                UART_WaitOnFlagUntilTimeout
 .text.UART_EndRxTransfer
                0x0000000008004cda       0xc8 ./Drivers/STM32L4xx_HAL_Driver/Src/stm32l4xx_hal_uart.o
 .text.USB_CoreInit
                0x0000000008004da2       0x5a ./Drivers/STM32L4xx_HAL_Driver/Src/stm32l4xx_ll_usb.o
                0x0000000008004da2                USB_CoreInit
 .text.USB_DisableGlobalInt
                0x0000000008004dfc       0x22 ./Drivers/STM32L4xx_HAL_Driver/Src/stm32l4xx_ll_usb.o
                0x0000000008004dfc                USB_DisableGlobalInt
 .text.USB_SetCurrentMode
                0x0000000008004e1e       0x98 ./Drivers/STM32L4xx_HAL_Driver/Src/stm32l4xx_ll_usb.o
                0x0000000008004e1e                USB_SetCurrentMode
 *fill*         0x0000000008004eb6        0x2 
 .text.USB_DevInit
                0x0000000008004eb8      0x290 ./Drivers/STM32L4xx_HAL_Driver/Src/stm32l4xx_ll_usb.o
                0x0000000008004eb8                USB_DevInit
 .text.USB_FlushTxFifo
                0x0000000008005148       0x64 ./Drivers/STM32L4xx_HAL_Driver/Src/stm32l4xx_ll_usb.o
                0x0000000008005148                USB_FlushTxFifo
 .text.USB_FlushRxFifo
                0x00000000080051ac       0x5c ./Drivers/STM32L4xx_HAL_Driver/Src/stm32l4xx_ll_usb.o
                0x00000000080051ac                USB_FlushRxFifo
 .text.USB_SetDevSpeed
                0x0000000008005208       0x32 ./Drivers/STM32L4xx_HAL_Driver/Src/stm32l4xx_ll_usb.o
                0x0000000008005208                USB_SetDevSpeed
 .text.USB_DevDisconnect
                0x000000000800523a       0x42 ./Drivers/STM32L4xx_HAL_Driver/Src/stm32l4xx_ll_usb.o
                0x000000000800523a                USB_DevDisconnect
 .text.USB_GetMode
                0x000000000800527c       0x1c ./Drivers/STM32L4xx_HAL_Driver/Src/stm32l4xx_ll_usb.o
                0x000000000800527c                USB_GetMode
 .text.USB_CoreReset
                0x0000000008005298       0x62 ./Drivers/STM32L4xx_HAL_Driver/Src/stm32l4xx_ll_usb.o
 *fill*         0x00000000080052fa        0x2 
 .text.__NVIC_SetPriority
                0x00000000080052fc       0x54 ./Middlewares/Third_Party/FreeRTOS/Source/CMSIS_RTOS_V2/cmsis_os2.o
 .text.SysTick_Handler
                0x0000000008005350       0x20 ./Middlewares/Third_Party/FreeRTOS/Source/CMSIS_RTOS_V2/cmsis_os2.o
                0x0000000008005350                SysTick_Handler
 .text.SVC_Setup
                0x0000000008005370       0x12 ./Middlewares/Third_Party/FreeRTOS/Source/CMSIS_RTOS_V2/cmsis_os2.o
 *fill*         0x0000000008005382        0x2 
 .text.osKernelInitialize
                0x0000000008005384       0x48 ./Middlewares/Third_Party/FreeRTOS/Source/CMSIS_RTOS_V2/cmsis_os2.o
                0x0000000008005384                osKernelInitialize
 .text.osKernelStart
                0x00000000080053cc       0x4c ./Middlewares/Third_Party/FreeRTOS/Source/CMSIS_RTOS_V2/cmsis_os2.o
                0x00000000080053cc                osKernelStart
 .text.osThreadNew
                0x0000000008005418      0x124 ./Middlewares/Third_Party/FreeRTOS/Source/CMSIS_RTOS_V2/cmsis_os2.o
                0x0000000008005418                osThreadNew
 .text.osDelay  0x000000000800553c       0x36 ./Middlewares/Third_Party/FreeRTOS/Source/CMSIS_RTOS_V2/cmsis_os2.o
                0x000000000800553c                osDelay
 *fill*         0x0000000008005572        0x2 
 .text.vApplicationGetIdleTaskMemory
                0x0000000008005574       0x34 ./Middlewares/Third_Party/FreeRTOS/Source/CMSIS_RTOS_V2/cmsis_os2.o
                0x0000000008005574                vApplicationGetIdleTaskMemory
 .text.vApplicationGetTimerTaskMemory
                0x00000000080055a8       0x34 ./Middlewares/Third_Party/FreeRTOS/Source/CMSIS_RTOS_V2/cmsis_os2.o
                0x00000000080055a8                vApplicationGetTimerTaskMemory
 .text.vListInitialise
                0x00000000080055dc       0x40 ./Middlewares/Third_Party/FreeRTOS/Source/list.o
                0x00000000080055dc                vListInitialise
 .text.vListInitialiseItem
                0x000000000800561c       0x1a ./Middlewares/Third_Party/FreeRTOS/Source/list.o
                0x000000000800561c                vListInitialiseItem
 .text.vListInsertEnd
                0x0000000008005636       0x48 ./Middlewares/Third_Party/FreeRTOS/Source/list.o
                0x0000000008005636                vListInsertEnd
 .text.vListInsert
                0x000000000800567e       0x72 ./Middlewares/Third_Party/FreeRTOS/Source/list.o
                0x000000000800567e                vListInsert
 .text.uxListRemove
                0x00000000080056f0       0x54 ./Middlewares/Third_Party/FreeRTOS/Source/list.o
                0x00000000080056f0                uxListRemove
 .text.xQueueGenericReset
                0x0000000008005744       0xd0 ./Middlewares/Third_Party/FreeRTOS/Source/queue.o
                0x0000000008005744                xQueueGenericReset
 .text.xQueueGenericCreateStatic
                0x0000000008005814       0xf0 ./Middlewares/Third_Party/FreeRTOS/Source/queue.o
                0x0000000008005814                xQueueGenericCreateStatic
 .text.prvInitialiseNewQueue
                0x0000000008005904       0x46 ./Middlewares/Third_Party/FreeRTOS/Source/queue.o
 *fill*         0x000000000800594a        0x2 
 .text.xQueueGenericSend
                0x000000000800594c      0x1fc ./Middlewares/Third_Party/FreeRTOS/Source/queue.o
                0x000000000800594c                xQueueGenericSend
 .text.xQueueGenericSendFromISR
                0x0000000008005b48      0x136 ./Middlewares/Third_Party/FreeRTOS/Source/queue.o
                0x0000000008005b48                xQueueGenericSendFromISR
 *fill*         0x0000000008005c7e        0x2 
 .text.xQueueReceive
                0x0000000008005c80      0x1c0 ./Middlewares/Third_Party/FreeRTOS/Source/queue.o
                0x0000000008005c80                xQueueReceive
 .text.prvCopyDataToQueue
                0x0000000008005e40       0xd4 ./Middlewares/Third_Party/FreeRTOS/Source/queue.o
 .text.prvCopyDataFromQueue
                0x0000000008005f14       0x4c ./Middlewares/Third_Party/FreeRTOS/Source/queue.o
 .text.prvUnlockQueue
                0x0000000008005f60       0xa4 ./Middlewares/Third_Party/FreeRTOS/Source/queue.o
 .text.prvIsQueueEmpty
                0x0000000008006004       0x2c ./Middlewares/Third_Party/FreeRTOS/Source/queue.o
 .text.prvIsQueueFull
                0x0000000008006030       0x30 ./Middlewares/Third_Party/FreeRTOS/Source/queue.o
 .text.vQueueAddToRegistry
                0x0000000008006060       0x54 ./Middlewares/Third_Party/FreeRTOS/Source/queue.o
                0x0000000008006060                vQueueAddToRegistry
 .text.vQueueWaitForMessageRestricted
                0x00000000080060b4       0x68 ./Middlewares/Third_Party/FreeRTOS/Source/queue.o
                0x00000000080060b4                vQueueWaitForMessageRestricted
 .text.xTaskCreateStatic
                0x000000000800611c       0xba ./Middlewares/Third_Party/FreeRTOS/Source/tasks.o
                0x000000000800611c                xTaskCreateStatic
 .text.xTaskCreate
                0x00000000080061d6       0x8a ./Middlewares/Third_Party/FreeRTOS/Source/tasks.o
                0x00000000080061d6                xTaskCreate
 .text.prvInitialiseNewTask
                0x0000000008006260      0x14c ./Middlewares/Third_Party/FreeRTOS/Source/tasks.o
 .text.prvAddNewTaskToReadyList
                0x00000000080063ac       0xe0 ./Middlewares/Third_Party/FreeRTOS/Source/tasks.o
 .text.vTaskDelay
                0x000000000800648c       0x68 ./Middlewares/Third_Party/FreeRTOS/Source/tasks.o
                0x000000000800648c                vTaskDelay
 .text.vTaskStartScheduler
                0x00000000080064f4       0xe0 ./Middlewares/Third_Party/FreeRTOS/Source/tasks.o
                0x00000000080064f4                vTaskStartScheduler
 .text.vTaskSuspendAll
                0x00000000080065d4       0x1c ./Middlewares/Third_Party/FreeRTOS/Source/tasks.o
                0x00000000080065d4                vTaskSuspendAll
 .text.xTaskResumeAll
                0x00000000080065f0      0x13c ./Middlewares/Third_Party/FreeRTOS/Source/tasks.o
                0x00000000080065f0                xTaskResumeAll
 .text.xTaskGetTickCount
                0x000000000800672c       0x20 ./Middlewares/Third_Party/FreeRTOS/Source/tasks.o
                0x000000000800672c                xTaskGetTickCount
 .text.xTaskIncrementTick
                0x000000000800674c      0x174 ./Middlewares/Third_Party/FreeRTOS/Source/tasks.o
                0x000000000800674c                xTaskIncrementTick
 .text.vTaskSwitchContext
                0x00000000080068c0       0xc8 ./Middlewares/Third_Party/FreeRTOS/Source/tasks.o
                0x00000000080068c0                vTaskSwitchContext
 .text.vTaskPlaceOnEventList
                0x0000000008006988       0x48 ./Middlewares/Third_Party/FreeRTOS/Source/tasks.o
                0x0000000008006988                vTaskPlaceOnEventList
 .text.vTaskPlaceOnEventListRestricted
                0x00000000080069d0       0x58 ./Middlewares/Third_Party/FreeRTOS/Source/tasks.o
                0x00000000080069d0                vTaskPlaceOnEventListRestricted
 .text.xTaskRemoveFromEventList
                0x0000000008006a28       0xc8 ./Middlewares/Third_Party/FreeRTOS/Source/tasks.o
                0x0000000008006a28                xTaskRemoveFromEventList
 .text.vTaskInternalSetTimeOutState
                0x0000000008006af0       0x2c ./Middlewares/Third_Party/FreeRTOS/Source/tasks.o
                0x0000000008006af0                vTaskInternalSetTimeOutState
 .text.xTaskCheckForTimeOut
                0x0000000008006b1c       0xc4 ./Middlewares/Third_Party/FreeRTOS/Source/tasks.o
                0x0000000008006b1c                xTaskCheckForTimeOut
 .text.vTaskMissedYield
                0x0000000008006be0       0x18 ./Middlewares/Third_Party/FreeRTOS/Source/tasks.o
                0x0000000008006be0                vTaskMissedYield
 .text.prvIdleTask
                0x0000000008006bf8       0x30 ./Middlewares/Third_Party/FreeRTOS/Source/tasks.o
 .text.prvInitialiseTaskLists
                0x0000000008006c28       0x80 ./Middlewares/Third_Party/FreeRTOS/Source/tasks.o
 .text.prvCheckTasksWaitingTermination
                0x0000000008006ca8       0x5c ./Middlewares/Third_Party/FreeRTOS/Source/tasks.o
 .text.prvDeleteTCB
                0x0000000008006d04       0x68 ./Middlewares/Third_Party/FreeRTOS/Source/tasks.o
 .text.prvResetNextTaskUnblockTime
                0x0000000008006d6c       0x40 ./Middlewares/Third_Party/FreeRTOS/Source/tasks.o
 .text.xTaskGetSchedulerState
                0x0000000008006dac       0x3c ./Middlewares/Third_Party/FreeRTOS/Source/tasks.o
                0x0000000008006dac                xTaskGetSchedulerState
 .text.xTaskPriorityDisinherit
                0x0000000008006de8       0xdc ./Middlewares/Third_Party/FreeRTOS/Source/tasks.o
                0x0000000008006de8                xTaskPriorityDisinherit
 .text.ulTaskNotifyTake
                0x0000000008006ec4       0x98 ./Middlewares/Third_Party/FreeRTOS/Source/tasks.o
                0x0000000008006ec4                ulTaskNotifyTake
 .text.xTaskGenericNotify
                0x0000000008006f5c      0x17c ./Middlewares/Third_Party/FreeRTOS/Source/tasks.o
                0x0000000008006f5c                xTaskGenericNotify
 .text.prvAddCurrentTaskToDelayedList
                0x00000000080070d8       0xa8 ./Middlewares/Third_Party/FreeRTOS/Source/tasks.o
 .text.xTimerCreateTimerTask
                0x0000000008007180       0x90 ./Middlewares/Third_Party/FreeRTOS/Source/timers.o
                0x0000000008007180                xTimerCreateTimerTask
 .text.xTimerGenericCommand
                0x0000000008007210       0x9c ./Middlewares/Third_Party/FreeRTOS/Source/timers.o
                0x0000000008007210                xTimerGenericCommand
 .text.prvProcessExpiredTimer
                0x00000000080072ac       0x98 ./Middlewares/Third_Party/FreeRTOS/Source/timers.o
 .text.prvTimerTask
                0x0000000008007344       0x24 ./Middlewares/Third_Party/FreeRTOS/Source/timers.o
 .text.prvProcessTimerOrBlockTask
                0x0000000008007368       0x9c ./Middlewares/Third_Party/FreeRTOS/Source/timers.o
 .text.prvGetNextExpireTime
                0x0000000008007404       0x48 ./Middlewares/Third_Party/FreeRTOS/Source/timers.o
 .text.prvSampleTimeNow
                0x000000000800744c       0x40 ./Middlewares/Third_Party/FreeRTOS/Source/timers.o
 .text.prvInsertTimerInActiveList
                0x000000000800748c       0x84 ./Middlewares/Third_Party/FreeRTOS/Source/timers.o
 .text.prvProcessReceivedCommands
                0x0000000008007510      0x1c4 ./Middlewares/Third_Party/FreeRTOS/Source/timers.o
 .text.prvSwitchTimerLists
                0x00000000080076d4       0xc8 ./Middlewares/Third_Party/FreeRTOS/Source/timers.o
 .text.prvCheckForValidListAndQueue
                0x000000000800779c       0x80 ./Middlewares/Third_Party/FreeRTOS/Source/timers.o
 .text.pxPortInitialiseStack
                0x000000000800781c       0x68 ./Middlewares/Third_Party/FreeRTOS/Source/portable/GCC/ARM_CM4F/port.o
                0x000000000800781c                pxPortInitialiseStack
 .text.prvTaskExitError
                0x0000000008007884       0x58 ./Middlewares/Third_Party/FreeRTOS/Source/portable/GCC/ARM_CM4F/port.o
 *fill*         0x00000000080078dc        0x4 
 .text.SVC_Handler
                0x00000000080078e0       0x28 ./Middlewares/Third_Party/FreeRTOS/Source/portable/GCC/ARM_CM4F/port.o
                0x00000000080078e0                SVC_Handler
 .text.prvPortStartFirstTask
                0x0000000008007908       0x28 ./Middlewares/Third_Party/FreeRTOS/Source/portable/GCC/ARM_CM4F/port.o
 .text.xPortStartScheduler
                0x0000000008007930      0x144 ./Middlewares/Third_Party/FreeRTOS/Source/portable/GCC/ARM_CM4F/port.o
                0x0000000008007930                xPortStartScheduler
 .text.vPortEnterCritical
                0x0000000008007a74       0x60 ./Middlewares/Third_Party/FreeRTOS/Source/portable/GCC/ARM_CM4F/port.o
                0x0000000008007a74                vPortEnterCritical
 .text.vPortExitCritical
                0x0000000008007ad4       0x54 ./Middlewares/Third_Party/FreeRTOS/Source/portable/GCC/ARM_CM4F/port.o
                0x0000000008007ad4                vPortExitCritical
 *fill*         0x0000000008007b28        0x8 
 .text.PendSV_Handler
                0x0000000008007b30       0x68 ./Middlewares/Third_Party/FreeRTOS/Source/portable/GCC/ARM_CM4F/port.o
                0x0000000008007b30                PendSV_Handler
 .text.xPortSysTickHandler
                0x0000000008007b98       0x44 ./Middlewares/Third_Party/FreeRTOS/Source/portable/GCC/ARM_CM4F/port.o
                0x0000000008007b98                xPortSysTickHandler
 .text.vPortSetupTimerInterrupt
                0x0000000008007bdc       0x48 ./Middlewares/Third_Party/FreeRTOS/Source/portable/GCC/ARM_CM4F/port.o
                0x0000000008007bdc                vPortSetupTimerInterrupt
 .text.vPortEnableVFP
                0x0000000008007c24       0x14 ./Middlewares/Third_Party/FreeRTOS/Source/portable/GCC/ARM_CM4F/port.o
 .text.vPortValidateInterruptPriority
                0x0000000008007c38       0x80 ./Middlewares/Third_Party/FreeRTOS/Source/portable/GCC/ARM_CM4F/port.o
                0x0000000008007c38                vPortValidateInterruptPriority
 .text.pvPortMalloc
                0x0000000008007cb8      0x198 ./Middlewares/Third_Party/FreeRTOS/Source/portable/MemMang/heap_4.o
                0x0000000008007cb8                pvPortMalloc
 .text.vPortFree
                0x0000000008007e50       0xc4 ./Middlewares/Third_Party/FreeRTOS/Source/portable/MemMang/heap_4.o
                0x0000000008007e50                vPortFree
 .text.prvHeapInit
                0x0000000008007f14       0xc4 ./Middlewares/Third_Party/FreeRTOS/Source/portable/MemMang/heap_4.o
 .text.prvInsertBlockIntoFreeList
                0x0000000008007fd8       0xb4 ./Middlewares/Third_Party/FreeRTOS/Source/portable/MemMang/heap_4.o
 .text.memset   0x000000000800808c       0x10 C:/ST/STM32CubeIDE_1.14.0/STM32CubeIDE/plugins/com.st.stm32cube.ide.mcu.externaltools.gnu-tools-for-stm32.11.3.rel1.win32_1.1.100.202309141235/tools/bin/../lib/gcc/arm-none-eabi/11.3.1/../../../../arm-none-eabi/lib/thumb/v7e-m+fp/hard\libc_nano.a(libc_a-memset.o)
                0x000000000800808c                memset
 .text._reclaim_reent
                0x000000000800809c       0xac C:/ST/STM32CubeIDE_1.14.0/STM32CubeIDE/plugins/com.st.stm32cube.ide.mcu.externaltools.gnu-tools-for-stm32.11.3.rel1.win32_1.1.100.202309141235/tools/bin/../lib/gcc/arm-none-eabi/11.3.1/../../../../arm-none-eabi/lib/thumb/v7e-m+fp/hard\libc_nano.a(libc_a-reent.o)
                0x000000000800809c                _reclaim_reent
 .text.__libc_init_array
                0x0000000008008148       0x48 C:/ST/STM32CubeIDE_1.14.0/STM32CubeIDE/plugins/com.st.stm32cube.ide.mcu.externaltools.gnu-tools-for-stm32.11.3.rel1.win32_1.1.100.202309141235/tools/bin/../lib/gcc/arm-none-eabi/11.3.1/../../../../arm-none-eabi/lib/thumb/v7e-m+fp/hard\libc_nano.a(libc_a-init.o)
                0x0000000008008148                __libc_init_array
 .text.__retarget_lock_acquire_recursive
                0x0000000008008190        0x2 C:/ST/STM32CubeIDE_1.14.0/STM32CubeIDE/plugins/com.st.stm32cube.ide.mcu.externaltools.gnu-tools-for-stm32.11.3.rel1.win32_1.1.100.202309141235/tools/bin/../lib/gcc/arm-none-eabi/11.3.1/../../../../arm-none-eabi/lib/thumb/v7e-m+fp/hard\libc_nano.a(libc_a-lock.o)
                0x0000000008008190                __retarget_lock_acquire_recursive
 .text.__retarget_lock_release_recursive
                0x0000000008008192        0x2 C:/ST/STM32CubeIDE_1.14.0/STM32CubeIDE/plugins/com.st.stm32cube.ide.mcu.externaltools.gnu-tools-for-stm32.11.3.rel1.win32_1.1.100.202309141235/tools/bin/../lib/gcc/arm-none-eabi/11.3.1/../../../../arm-none-eabi/lib/thumb/v7e-m+fp/hard\libc_nano.a(libc_a-lock.o)
                0x0000000008008192                __retarget_lock_release_recursive
 .text.memcpy   0x0000000008008194       0x1c C:/ST/STM32CubeIDE_1.14.0/STM32CubeIDE/plugins/com.st.stm32cube.ide.mcu.externaltools.gnu-tools-for-stm32.11.3.rel1.win32_1.1.100.202309141235/tools/bin/../lib/gcc/arm-none-eabi/11.3.1/../../../../arm-none-eabi/lib/thumb/v7e-m+fp/hard\libc_nano.a(libc_a-memcpy-stub.o)
                0x0000000008008194                memcpy
 .text._free_r  0x00000000080081b0       0x98 C:/ST/STM32CubeIDE_1.14.0/STM32CubeIDE/plugins/com.st.stm32cube.ide.mcu.externaltools.gnu-tools-for-stm32.11.3.rel1.win32_1.1.100.202309141235/tools/bin/../lib/gcc/arm-none-eabi/11.3.1/../../../../arm-none-eabi/lib/thumb/v7e-m+fp/hard\libc_nano.a(libc_a-freer.o)
                0x00000000080081b0                _free_r
 .text.__malloc_lock
                0x0000000008008248        0xc C:/ST/STM32CubeIDE_1.14.0/STM32CubeIDE/plugins/com.st.stm32cube.ide.mcu.externaltools.gnu-tools-for-stm32.11.3.rel1.win32_1.1.100.202309141235/tools/bin/../lib/gcc/arm-none-eabi/11.3.1/../../../../arm-none-eabi/lib/thumb/v7e-m+fp/hard\libc_nano.a(libc_a-mlock.o)
                0x0000000008008248                __malloc_lock
 .text.__malloc_unlock
                0x0000000008008254        0xc C:/ST/STM32CubeIDE_1.14.0/STM32CubeIDE/plugins/com.st.stm32cube.ide.mcu.externaltools.gnu-tools-for-stm32.11.3.rel1.win32_1.1.100.202309141235/tools/bin/../lib/gcc/arm-none-eabi/11.3.1/../../../../arm-none-eabi/lib/thumb/v7e-m+fp/hard\libc_nano.a(libc_a-mlock.o)
                0x0000000008008254                __malloc_unlock
 *(.glue_7)
 .glue_7        0x0000000008008260        0x0 linker stubs
 *(.glue_7t)
 .glue_7t       0x0000000008008260        0x0 linker stubs
 *(.eh_frame)
 .eh_frame      0x0000000008008260        0x0 C:/ST/STM32CubeIDE_1.14.0/STM32CubeIDE/plugins/com.st.stm32cube.ide.mcu.externaltools.gnu-tools-for-stm32.11.3.rel1.win32_1.1.100.202309141235/tools/bin/../lib/gcc/arm-none-eabi/11.3.1/thumb/v7e-m+fp/hard/crtbegin.o
 *(.init)
 .init          0x0000000008008260        0x4 C:/ST/STM32CubeIDE_1.14.0/STM32CubeIDE/plugins/com.st.stm32cube.ide.mcu.externaltools.gnu-tools-for-stm32.11.3.rel1.win32_1.1.100.202309141235/tools/bin/../lib/gcc/arm-none-eabi/11.3.1/thumb/v7e-m+fp/hard/crti.o
                0x0000000008008260                _init
 .init          0x0000000008008264        0x8 C:/ST/STM32CubeIDE_1.14.0/STM32CubeIDE/plugins/com.st.stm32cube.ide.mcu.externaltools.gnu-tools-for-stm32.11.3.rel1.win32_1.1.100.202309141235/tools/bin/../lib/gcc/arm-none-eabi/11.3.1/thumb/v7e-m+fp/hard/crtn.o
 *(.fini)
 .fini          0x000000000800826c        0x4 C:/ST/STM32CubeIDE_1.14.0/STM32CubeIDE/plugins/com.st.stm32cube.ide.mcu.externaltools.gnu-tools-for-stm32.11.3.rel1.win32_1.1.100.202309141235/tools/bin/../lib/gcc/arm-none-eabi/11.3.1/thumb/v7e-m+fp/hard/crti.o
                0x000000000800826c                _fini
 .fini          0x0000000008008270        0x8 C:/ST/STM32CubeIDE_1.14.0/STM32CubeIDE/plugins/com.st.stm32cube.ide.mcu.externaltools.gnu-tools-for-stm32.11.3.rel1.win32_1.1.100.202309141235/tools/bin/../lib/gcc/arm-none-eabi/11.3.1/thumb/v7e-m+fp/hard/crtn.o
                0x0000000008008278                . = ALIGN (0x4)
                0x0000000008008278                _etext = .

.vfp11_veneer   0x0000000008008278        0x0
 .vfp11_veneer  0x0000000008008278        0x0 linker stubs

.v4_bx          0x0000000008008278        0x0
 .v4_bx         0x0000000008008278        0x0 linker stubs

.iplt           0x0000000008008278        0x0
 .iplt          0x0000000008008278        0x0 C:/ST/STM32CubeIDE_1.14.0/STM32CubeIDE/plugins/com.st.stm32cube.ide.mcu.externaltools.gnu-tools-for-stm32.11.3.rel1.win32_1.1.100.202309141235/tools/bin/../lib/gcc/arm-none-eabi/11.3.1/thumb/v7e-m+fp/hard/crtbegin.o

.rodata         0x0000000008008278       0xe4
                0x0000000008008278                . = ALIGN (0x4)
 *(.rodata)
 .rodata        0x0000000008008278       0x53 ./Core/Src/LedTask.o
 *fill*         0x00000000080082cb        0x1 
 .rodata        0x00000000080082cc        0xc ./Core/Src/main.o
 .rodata        0x00000000080082d8        0x5 ./Middlewares/Third_Party/FreeRTOS/Source/tasks.o
 *fill*         0x00000000080082dd        0x3 
 .rodata        0x00000000080082e0        0xd ./Middlewares/Third_Party/FreeRTOS/Source/timers.o
 *(.rodata*)
 *fill*         0x00000000080082ed        0x3 
 .rodata.defaultTask_attributes
                0x00000000080082f0       0x24 ./Core/Src/main.o
                0x00000000080082f0                defaultTask_attributes
 .rodata.AHBPrescTable
                0x0000000008008314       0x10 ./Core/Src/system_stm32l4xx.o
                0x0000000008008314                AHBPrescTable
 .rodata.APBPrescTable
                0x0000000008008324        0x8 ./Core/Src/system_stm32l4xx.o
                0x0000000008008324                APBPrescTable
 .rodata.MSIRangeTable
                0x000000000800832c       0x30 ./Core/Src/system_stm32l4xx.o
                0x000000000800832c                MSIRangeTable
                0x000000000800835c                . = ALIGN (0x4)

.ARM.extab      0x000000000800835c        0x0
                0x000000000800835c                . = ALIGN (0x4)
 *(.ARM.extab* .gnu.linkonce.armextab.*)
                0x000000000800835c                . = ALIGN (0x4)

.ARM            0x000000000800835c        0x8
                0x000000000800835c                . = ALIGN (0x4)
                0x000000000800835c                __exidx_start = .
 *(.ARM.exidx*)
 .ARM.exidx     0x000000000800835c        0x8 C:/ST/STM32CubeIDE_1.14.0/STM32CubeIDE/plugins/com.st.stm32cube.ide.mcu.externaltools.gnu-tools-for-stm32.11.3.rel1.win32_1.1.100.202309141235/tools/bin/../lib/gcc/arm-none-eabi/11.3.1/thumb/v7e-m+fp/hard\libgcc.a(_udivmoddi4.o)
                0x0000000008008364                __exidx_end = .
                0x0000000008008364                . = ALIGN (0x4)

.rel.dyn        0x0000000008008364        0x0
 .rel.iplt      0x0000000008008364        0x0 C:/ST/STM32CubeIDE_1.14.0/STM32CubeIDE/plugins/com.st.stm32cube.ide.mcu.externaltools.gnu-tools-for-stm32.11.3.rel1.win32_1.1.100.202309141235/tools/bin/../lib/gcc/arm-none-eabi/11.3.1/thumb/v7e-m+fp/hard/crtbegin.o

.preinit_array  0x0000000008008364        0x0
                0x0000000008008364                . = ALIGN (0x4)
                0x0000000008008364                PROVIDE (__preinit_array_start = .)
 *(.preinit_array*)
                0x0000000008008364                PROVIDE (__preinit_array_end = .)
                0x0000000008008364                . = ALIGN (0x4)

.init_array     0x0000000008008364        0x4
                0x0000000008008364                . = ALIGN (0x4)
                0x0000000008008364                PROVIDE (__init_array_start = .)
 *(SORT_BY_NAME(.init_array.*))
 *(.init_array*)
 .init_array    0x0000000008008364        0x4 C:/ST/STM32CubeIDE_1.14.0/STM32CubeIDE/plugins/com.st.stm32cube.ide.mcu.externaltools.gnu-tools-for-stm32.11.3.rel1.win32_1.1.100.202309141235/tools/bin/../lib/gcc/arm-none-eabi/11.3.1/thumb/v7e-m+fp/hard/crtbegin.o
                0x0000000008008368                PROVIDE (__init_array_end = .)
                0x0000000008008368                . = ALIGN (0x4)

.fini_array     0x0000000008008368        0x4
                0x0000000008008368                . = ALIGN (0x4)
                [!provide]                        PROVIDE (__fini_array_start = .)
 *(SORT_BY_NAME(.fini_array.*))
 *(.fini_array*)
 .fini_array    0x0000000008008368        0x4 C:/ST/STM32CubeIDE_1.14.0/STM32CubeIDE/plugins/com.st.stm32cube.ide.mcu.externaltools.gnu-tools-for-stm32.11.3.rel1.win32_1.1.100.202309141235/tools/bin/../lib/gcc/arm-none-eabi/11.3.1/thumb/v7e-m+fp/hard/crtbegin.o
                [!provide]                        PROVIDE (__fini_array_end = .)
                0x000000000800836c                . = ALIGN (0x4)
                0x000000000800836c                _sidata = LOADADDR (.data)

.data           0x0000000020000000       0x64 load address 0x000000000800836c
                0x0000000020000000                . = ALIGN (0x4)
                0x0000000020000000                _sdata = .
 *(.data)
 *(.data*)
 .data.estadoAnterior
                0x0000000020000000        0x1 ./Core/Src/joy_driver.o
                0x0000000020000000                estadoAnterior
 *fill*         0x0000000020000001        0x3 
 .data.SystemCoreClock
                0x0000000020000004        0x4 ./Core/Src/system_stm32l4xx.o
                0x0000000020000004                SystemCoreClock
 .data.uwTickPrio
                0x0000000020000008        0x4 ./Drivers/STM32L4xx_HAL_Driver/Src/stm32l4xx_hal.o
                0x0000000020000008                uwTickPrio
 .data.uwTickFreq
                0x000000002000000c        0x1 ./Drivers/STM32L4xx_HAL_Driver/Src/stm32l4xx_hal.o
                0x000000002000000c                uwTickFreq
 *fill*         0x000000002000000d        0x3 
 .data.uxCriticalNesting
                0x0000000020000010        0x4 ./Middlewares/Third_Party/FreeRTOS/Source/portable/GCC/ARM_CM4F/port.o
 .data._impure_data
                0x0000000020000014       0x4c C:/ST/STM32CubeIDE_1.14.0/STM32CubeIDE/plugins/com.st.stm32cube.ide.mcu.externaltools.gnu-tools-for-stm32.11.3.rel1.win32_1.1.100.202309141235/tools/bin/../lib/gcc/arm-none-eabi/11.3.1/../../../../arm-none-eabi/lib/thumb/v7e-m+fp/hard\libc_nano.a(libc_a-impure.o)
                0x0000000020000014                _impure_data
 .data._impure_ptr
                0x0000000020000060        0x4 C:/ST/STM32CubeIDE_1.14.0/STM32CubeIDE/plugins/com.st.stm32cube.ide.mcu.externaltools.gnu-tools-for-stm32.11.3.rel1.win32_1.1.100.202309141235/tools/bin/../lib/gcc/arm-none-eabi/11.3.1/../../../../arm-none-eabi/lib/thumb/v7e-m+fp/hard\libc_nano.a(libc_a-impure.o)
                0x0000000020000060                _impure_ptr
 *(.RamFunc)
 *(.RamFunc*)
                0x0000000020000064                . = ALIGN (0x4)
                0x0000000020000064                _edata = .

.igot.plt       0x0000000020000064        0x0 load address 0x00000000080083d0
 .igot.plt      0x0000000020000064        0x0 C:/ST/STM32CubeIDE_1.14.0/STM32CubeIDE/plugins/com.st.stm32cube.ide.mcu.externaltools.gnu-tools-for-stm32.11.3.rel1.win32_1.1.100.202309141235/tools/bin/../lib/gcc/arm-none-eabi/11.3.1/thumb/v7e-m+fp/hard/crtbegin.o
                0x0000000020000064                . = ALIGN (0x4)

.bss            0x0000000020000064     0x3a20 load address 0x00000000080083d0
                0x0000000020000064                _sbss = .
                0x0000000020000064                __bss_start__ = _sbss
 *(.bss)
 .bss           0x0000000020000064       0x1c C:/ST/STM32CubeIDE_1.14.0/STM32CubeIDE/plugins/com.st.stm32cube.ide.mcu.externaltools.gnu-tools-for-stm32.11.3.rel1.win32_1.1.100.202309141235/tools/bin/../lib/gcc/arm-none-eabi/11.3.1/thumb/v7e-m+fp/hard/crtbegin.o
 *(.bss*)
 .bss.taskHandler1
                0x0000000020000080        0x4 ./Core/Src/LedTask.o
                0x0000000020000080                taskHandler1
 .bss.taskHandler2
                0x0000000020000084        0x4 ./Core/Src/LedTask.o
                0x0000000020000084                taskHandler2
 .bss.taskHandler3
                0x0000000020000088        0x4 ./Core/Src/LedTask.o
                0x0000000020000088                taskHandler3
 .bss.numPulsaciones
                0x000000002000008c        0x1 ./Core/Src/joy_driver.o
                0x000000002000008c                numPulsaciones
 *fill*         0x000000002000008d        0x3 
 .bss.hdfsdm1_channel1
                0x0000000020000090       0x38 ./Core/Src/main.o
                0x0000000020000090                hdfsdm1_channel1
 .bss.hi2c2     0x00000000200000c8       0x54 ./Core/Src/main.o
                0x00000000200000c8                hi2c2
 .bss.hqspi     0x000000002000011c       0x44 ./Core/Src/main.o
                0x000000002000011c                hqspi
 .bss.hspi3     0x0000000020000160       0x64 ./Core/Src/main.o
                0x0000000020000160                hspi3
 .bss.huart1    0x00000000200001c4       0x88 ./Core/Src/main.o
                0x00000000200001c4                huart1
 .bss.huart3    0x000000002000024c       0x88 ./Core/Src/main.o
                0x000000002000024c                huart3
 .bss.hpcd_USB_OTG_FS
                0x00000000200002d4      0x4e4 ./Core/Src/main.o
                0x00000000200002d4                hpcd_USB_OTG_FS
 .bss.defaultTaskHandle
                0x00000000200007b8        0x4 ./Core/Src/main.o
                0x00000000200007b8                defaultTaskHandle
 .bss.DFSDM1_Init
                0x00000000200007bc        0x4 ./Core/Src/stm32l4xx_hal_msp.o
 .bss.htim17    0x00000000200007c0       0x4c ./Core/Src/stm32l4xx_hal_timebase_tim.o
                0x00000000200007c0                htim17
 .bss.uwTick    0x000000002000080c        0x4 ./Drivers/STM32L4xx_HAL_Driver/Src/stm32l4xx_hal.o
                0x000000002000080c                uwTick
 .bss.v_dfsdm1ChannelCounter
                0x0000000020000810        0x4 ./Drivers/STM32L4xx_HAL_Driver/Src/stm32l4xx_hal_dfsdm.o
 .bss.a_dfsdm1ChannelHandle
                0x0000000020000814       0x20 ./Drivers/STM32L4xx_HAL_Driver/Src/stm32l4xx_hal_dfsdm.o
 .bss.KernelState
                0x0000000020000834        0x4 ./Middlewares/Third_Party/FreeRTOS/Source/CMSIS_RTOS_V2/cmsis_os2.o
 .bss.Idle_TCB.3
                0x0000000020000838       0xa8 ./Middlewares/Third_Party/FreeRTOS/Source/CMSIS_RTOS_V2/cmsis_os2.o
 .bss.Idle_Stack.2
                0x00000000200008e0      0x200 ./Middlewares/Third_Party/FreeRTOS/Source/CMSIS_RTOS_V2/cmsis_os2.o
 .bss.Timer_TCB.1
                0x0000000020000ae0       0xa8 ./Middlewares/Third_Party/FreeRTOS/Source/CMSIS_RTOS_V2/cmsis_os2.o
 .bss.Timer_Stack.0
                0x0000000020000b88      0x400 ./Middlewares/Third_Party/FreeRTOS/Source/CMSIS_RTOS_V2/cmsis_os2.o
 .bss.xQueueRegistry
                0x0000000020000f88       0x40 ./Middlewares/Third_Party/FreeRTOS/Source/queue.o
                0x0000000020000f88                xQueueRegistry
 .bss.pxCurrentTCB
                0x0000000020000fc8        0x4 ./Middlewares/Third_Party/FreeRTOS/Source/tasks.o
                0x0000000020000fc8                pxCurrentTCB
 .bss.pxReadyTasksLists
                0x0000000020000fcc      0x460 ./Middlewares/Third_Party/FreeRTOS/Source/tasks.o
 .bss.xDelayedTaskList1
                0x000000002000142c       0x14 ./Middlewares/Third_Party/FreeRTOS/Source/tasks.o
 .bss.xDelayedTaskList2
                0x0000000020001440       0x14 ./Middlewares/Third_Party/FreeRTOS/Source/tasks.o
 .bss.pxDelayedTaskList
                0x0000000020001454        0x4 ./Middlewares/Third_Party/FreeRTOS/Source/tasks.o
 .bss.pxOverflowDelayedTaskList
                0x0000000020001458        0x4 ./Middlewares/Third_Party/FreeRTOS/Source/tasks.o
 .bss.xPendingReadyList
                0x000000002000145c       0x14 ./Middlewares/Third_Party/FreeRTOS/Source/tasks.o
 .bss.xTasksWaitingTermination
                0x0000000020001470       0x14 ./Middlewares/Third_Party/FreeRTOS/Source/tasks.o
 .bss.uxDeletedTasksWaitingCleanUp
                0x0000000020001484        0x4 ./Middlewares/Third_Party/FreeRTOS/Source/tasks.o
 .bss.xSuspendedTaskList
                0x0000000020001488       0x14 ./Middlewares/Third_Party/FreeRTOS/Source/tasks.o
 .bss.uxCurrentNumberOfTasks
                0x000000002000149c        0x4 ./Middlewares/Third_Party/FreeRTOS/Source/tasks.o
 .bss.xTickCount
                0x00000000200014a0        0x4 ./Middlewares/Third_Party/FreeRTOS/Source/tasks.o
 .bss.uxTopReadyPriority
                0x00000000200014a4        0x4 ./Middlewares/Third_Party/FreeRTOS/Source/tasks.o
 .bss.xSchedulerRunning
                0x00000000200014a8        0x4 ./Middlewares/Third_Party/FreeRTOS/Source/tasks.o
 .bss.xPendedTicks
                0x00000000200014ac        0x4 ./Middlewares/Third_Party/FreeRTOS/Source/tasks.o
 .bss.xYieldPending
                0x00000000200014b0        0x4 ./Middlewares/Third_Party/FreeRTOS/Source/tasks.o
 .bss.xNumOfOverflows
                0x00000000200014b4        0x4 ./Middlewares/Third_Party/FreeRTOS/Source/tasks.o
 .bss.uxTaskNumber
                0x00000000200014b8        0x4 ./Middlewares/Third_Party/FreeRTOS/Source/tasks.o
 .bss.xNextTaskUnblockTime
                0x00000000200014bc        0x4 ./Middlewares/Third_Party/FreeRTOS/Source/tasks.o
 .bss.xIdleTaskHandle
                0x00000000200014c0        0x4 ./Middlewares/Third_Party/FreeRTOS/Source/tasks.o
 .bss.uxSchedulerSuspended
                0x00000000200014c4        0x4 ./Middlewares/Third_Party/FreeRTOS/Source/tasks.o
 .bss.xActiveTimerList1
                0x00000000200014c8       0x14 ./Middlewares/Third_Party/FreeRTOS/Source/timers.o
 .bss.xActiveTimerList2
                0x00000000200014dc       0x14 ./Middlewares/Third_Party/FreeRTOS/Source/timers.o
 .bss.pxCurrentTimerList
                0x00000000200014f0        0x4 ./Middlewares/Third_Party/FreeRTOS/Source/timers.o
 .bss.pxOverflowTimerList
                0x00000000200014f4        0x4 ./Middlewares/Third_Party/FreeRTOS/Source/timers.o
 .bss.xTimerQueue
                0x00000000200014f8        0x4 ./Middlewares/Third_Party/FreeRTOS/Source/timers.o
 .bss.xTimerTaskHandle
                0x00000000200014fc        0x4 ./Middlewares/Third_Party/FreeRTOS/Source/timers.o
 .bss.xLastTime.2
                0x0000000020001500        0x4 ./Middlewares/Third_Party/FreeRTOS/Source/timers.o
 .bss.ucStaticTimerQueueStorage.1
                0x0000000020001504       0xa0 ./Middlewares/Third_Party/FreeRTOS/Source/timers.o
 .bss.xStaticTimerQueue.0
                0x00000000200015a4       0x50 ./Middlewares/Third_Party/FreeRTOS/Source/timers.o
 .bss.ucMaxSysCallPriority
                0x00000000200015f4        0x1 ./Middlewares/Third_Party/FreeRTOS/Source/portable/GCC/ARM_CM4F/port.o
 *fill*         0x00000000200015f5        0x3 
 .bss.ulMaxPRIGROUPValue
                0x00000000200015f8        0x4 ./Middlewares/Third_Party/FreeRTOS/Source/portable/GCC/ARM_CM4F/port.o
 .bss.ucHeap    0x00000000200015fc     0x2328 ./Middlewares/Third_Party/FreeRTOS/Source/portable/MemMang/heap_4.o
 .bss.xStart    0x0000000020003924        0x8 ./Middlewares/Third_Party/FreeRTOS/Source/portable/MemMang/heap_4.o
 .bss.pxEnd     0x000000002000392c        0x4 ./Middlewares/Third_Party/FreeRTOS/Source/portable/MemMang/heap_4.o
 .bss.xFreeBytesRemaining
                0x0000000020003930        0x4 ./Middlewares/Third_Party/FreeRTOS/Source/portable/MemMang/heap_4.o
 .bss.xMinimumEverFreeBytesRemaining
                0x0000000020003934        0x4 ./Middlewares/Third_Party/FreeRTOS/Source/portable/MemMang/heap_4.o
 .bss.xNumberOfSuccessfulAllocations
                0x0000000020003938        0x4 ./Middlewares/Third_Party/FreeRTOS/Source/portable/MemMang/heap_4.o
 .bss.xNumberOfSuccessfulFrees
                0x000000002000393c        0x4 ./Middlewares/Third_Party/FreeRTOS/Source/portable/MemMang/heap_4.o
 .bss.xBlockAllocatedBit
                0x0000000020003940        0x4 ./Middlewares/Third_Party/FreeRTOS/Source/portable/MemMang/heap_4.o
 .bss.__sf      0x0000000020003944      0x138 C:/ST/STM32CubeIDE_1.14.0/STM32CubeIDE/plugins/com.st.stm32cube.ide.mcu.externaltools.gnu-tools-for-stm32.11.3.rel1.win32_1.1.100.202309141235/tools/bin/../lib/gcc/arm-none-eabi/11.3.1/../../../../arm-none-eabi/lib/thumb/v7e-m+fp/hard\libc_nano.a(libc_a-findfp.o)
                0x0000000020003944                __sf
 .bss.__lock___malloc_recursive_mutex
                0x0000000020003a7c        0x1 C:/ST/STM32CubeIDE_1.14.0/STM32CubeIDE/plugins/com.st.stm32cube.ide.mcu.externaltools.gnu-tools-for-stm32.11.3.rel1.win32_1.1.100.202309141235/tools/bin/../lib/gcc/arm-none-eabi/11.3.1/../../../../arm-none-eabi/lib/thumb/v7e-m+fp/hard\libc_nano.a(libc_a-lock.o)
                0x0000000020003a7c                __lock___malloc_recursive_mutex
 *fill*         0x0000000020003a7d        0x3 
 .bss.__malloc_free_list
                0x0000000020003a80        0x4 C:/ST/STM32CubeIDE_1.14.0/STM32CubeIDE/plugins/com.st.stm32cube.ide.mcu.externaltools.gnu-tools-for-stm32.11.3.rel1.win32_1.1.100.202309141235/tools/bin/../lib/gcc/arm-none-eabi/11.3.1/../../../../arm-none-eabi/lib/thumb/v7e-m+fp/hard\libc_nano.a(libc_a-mallocr.o)
                0x0000000020003a80                __malloc_free_list
 *(COMMON)
                0x0000000020003a84                . = ALIGN (0x4)
                0x0000000020003a84                _ebss = .
                0x0000000020003a84                __bss_end__ = _ebss

._user_heap_stack
                0x0000000020003a84      0x604 load address 0x00000000080083d0
                0x0000000020003a88                . = ALIGN (0x8)
 *fill*         0x0000000020003a84        0x4 
                [!provide]                        PROVIDE (end = .)
                0x0000000020003a88                PROVIDE (_end = .)
                0x0000000020003c88                . = (. + _Min_Heap_Size)
 *fill*         0x0000000020003a88      0x200 
                0x0000000020004088                . = (. + _Min_Stack_Size)
 *fill*         0x0000000020003c88      0x400 
                0x0000000020004088                . = ALIGN (0x8)

/DISCARD/
 libc.a(*)
 libm.a(*)
 libgcc.a(*)

.ARM.attributes
                0x0000000000000000       0x30
 *(.ARM.attributes)
 .ARM.attributes
                0x0000000000000000       0x1e C:/ST/STM32CubeIDE_1.14.0/STM32CubeIDE/plugins/com.st.stm32cube.ide.mcu.externaltools.gnu-tools-for-stm32.11.3.rel1.win32_1.1.100.202309141235/tools/bin/../lib/gcc/arm-none-eabi/11.3.1/thumb/v7e-m+fp/hard/crti.o
 .ARM.attributes
                0x000000000000001e       0x34 C:/ST/STM32CubeIDE_1.14.0/STM32CubeIDE/plugins/com.st.stm32cube.ide.mcu.externaltools.gnu-tools-for-stm32.11.3.rel1.win32_1.1.100.202309141235/tools/bin/../lib/gcc/arm-none-eabi/11.3.1/thumb/v7e-m+fp/hard/crtbegin.o
 .ARM.attributes
                0x0000000000000052       0x34 ./Core/Src/LedTask.o
 .ARM.attributes
                0x0000000000000086       0x34 ./Core/Src/joy_driver.o
 .ARM.attributes
                0x00000000000000ba       0x34 ./Core/Src/led_driver.o
 .ARM.attributes
                0x00000000000000ee       0x34 ./Core/Src/main.o
 .ARM.attributes
                0x0000000000000122       0x34 ./Core/Src/stm32l4xx_hal_msp.o
 .ARM.attributes
                0x0000000000000156       0x34 ./Core/Src/stm32l4xx_hal_timebase_tim.o
 .ARM.attributes
                0x000000000000018a       0x34 ./Core/Src/stm32l4xx_it.o
 .ARM.attributes
                0x00000000000001be       0x34 ./Core/Src/system_stm32l4xx.o
 .ARM.attributes
                0x00000000000001f2       0x21 ./Core/Startup/startup_stm32l475vgtx.o
 .ARM.attributes
                0x0000000000000213       0x34 ./Drivers/STM32L4xx_HAL_Driver/Src/stm32l4xx_hal.o
 .ARM.attributes
                0x0000000000000247       0x34 ./Drivers/STM32L4xx_HAL_Driver/Src/stm32l4xx_hal_cortex.o
 .ARM.attributes
                0x000000000000027b       0x34 ./Drivers/STM32L4xx_HAL_Driver/Src/stm32l4xx_hal_dfsdm.o
 .ARM.attributes
                0x00000000000002af       0x34 ./Drivers/STM32L4xx_HAL_Driver/Src/stm32l4xx_hal_gpio.o
 .ARM.attributes
                0x00000000000002e3       0x34 ./Drivers/STM32L4xx_HAL_Driver/Src/stm32l4xx_hal_i2c.o
 .ARM.attributes
                0x0000000000000317       0x34 ./Drivers/STM32L4xx_HAL_Driver/Src/stm32l4xx_hal_i2c_ex.o
 .ARM.attributes
                0x000000000000034b       0x34 ./Drivers/STM32L4xx_HAL_Driver/Src/stm32l4xx_hal_pcd.o
 .ARM.attributes
                0x000000000000037f       0x34 ./Drivers/STM32L4xx_HAL_Driver/Src/stm32l4xx_hal_pcd_ex.o
 .ARM.attributes
                0x00000000000003b3       0x34 ./Drivers/STM32L4xx_HAL_Driver/Src/stm32l4xx_hal_pwr.o
 .ARM.attributes
                0x00000000000003e7       0x34 ./Drivers/STM32L4xx_HAL_Driver/Src/stm32l4xx_hal_pwr_ex.o
 .ARM.attributes
                0x000000000000041b       0x34 ./Drivers/STM32L4xx_HAL_Driver/Src/stm32l4xx_hal_qspi.o
 .ARM.attributes
                0x000000000000044f       0x34 ./Drivers/STM32L4xx_HAL_Driver/Src/stm32l4xx_hal_rcc.o
 .ARM.attributes
                0x0000000000000483       0x34 ./Drivers/STM32L4xx_HAL_Driver/Src/stm32l4xx_hal_rcc_ex.o
 .ARM.attributes
                0x00000000000004b7       0x34 ./Drivers/STM32L4xx_HAL_Driver/Src/stm32l4xx_hal_spi.o
 .ARM.attributes
                0x00000000000004eb       0x34 ./Drivers/STM32L4xx_HAL_Driver/Src/stm32l4xx_hal_tim.o
 .ARM.attributes
                0x000000000000051f       0x34 ./Drivers/STM32L4xx_HAL_Driver/Src/stm32l4xx_hal_tim_ex.o
 .ARM.attributes
                0x0000000000000553       0x34 ./Drivers/STM32L4xx_HAL_Driver/Src/stm32l4xx_hal_uart.o
 .ARM.attributes
                0x0000000000000587       0x34 ./Drivers/STM32L4xx_HAL_Driver/Src/stm32l4xx_ll_usb.o
 .ARM.attributes
                0x00000000000005bb       0x34 ./Middlewares/Third_Party/FreeRTOS/Source/CMSIS_RTOS_V2/cmsis_os2.o
 .ARM.attributes
                0x00000000000005ef       0x34 ./Middlewares/Third_Party/FreeRTOS/Source/list.o
 .ARM.attributes
                0x0000000000000623       0x34 ./Middlewares/Third_Party/FreeRTOS/Source/queue.o
 .ARM.attributes
                0x0000000000000657       0x34 ./Middlewares/Third_Party/FreeRTOS/Source/tasks.o
 .ARM.attributes
                0x000000000000068b       0x34 ./Middlewares/Third_Party/FreeRTOS/Source/timers.o
 .ARM.attributes
                0x00000000000006bf       0x34 ./Middlewares/Third_Party/FreeRTOS/Source/portable/GCC/ARM_CM4F/port.o
 .ARM.attributes
                0x00000000000006f3       0x34 ./Middlewares/Third_Party/FreeRTOS/Source/portable/MemMang/heap_4.o
 .ARM.attributes
                0x0000000000000727       0x34 C:/ST/STM32CubeIDE_1.14.0/STM32CubeIDE/plugins/com.st.stm32cube.ide.mcu.externaltools.gnu-tools-for-stm32.11.3.rel1.win32_1.1.100.202309141235/tools/bin/../lib/gcc/arm-none-eabi/11.3.1/../../../../arm-none-eabi/lib/thumb/v7e-m+fp/hard\libc_nano.a(libc_a-findfp.o)
 .ARM.attributes
                0x000000000000075b       0x34 C:/ST/STM32CubeIDE_1.14.0/STM32CubeIDE/plugins/com.st.stm32cube.ide.mcu.externaltools.gnu-tools-for-stm32.11.3.rel1.win32_1.1.100.202309141235/tools/bin/../lib/gcc/arm-none-eabi/11.3.1/../../../../arm-none-eabi/lib/thumb/v7e-m+fp/hard\libc_nano.a(libc_a-memset.o)
 .ARM.attributes
                0x000000000000078f       0x34 C:/ST/STM32CubeIDE_1.14.0/STM32CubeIDE/plugins/com.st.stm32cube.ide.mcu.externaltools.gnu-tools-for-stm32.11.3.rel1.win32_1.1.100.202309141235/tools/bin/../lib/gcc/arm-none-eabi/11.3.1/../../../../arm-none-eabi/lib/thumb/v7e-m+fp/hard\libc_nano.a(libc_a-reent.o)
 .ARM.attributes
                0x00000000000007c3       0x34 C:/ST/STM32CubeIDE_1.14.0/STM32CubeIDE/plugins/com.st.stm32cube.ide.mcu.externaltools.gnu-tools-for-stm32.11.3.rel1.win32_1.1.100.202309141235/tools/bin/../lib/gcc/arm-none-eabi/11.3.1/../../../../arm-none-eabi/lib/thumb/v7e-m+fp/hard\libc_nano.a(libc_a-impure.o)
 .ARM.attributes
                0x00000000000007f7       0x34 C:/ST/STM32CubeIDE_1.14.0/STM32CubeIDE/plugins/com.st.stm32cube.ide.mcu.externaltools.gnu-tools-for-stm32.11.3.rel1.win32_1.1.100.202309141235/tools/bin/../lib/gcc/arm-none-eabi/11.3.1/../../../../arm-none-eabi/lib/thumb/v7e-m+fp/hard\libc_nano.a(libc_a-init.o)
 .ARM.attributes
                0x000000000000082b       0x34 C:/ST/STM32CubeIDE_1.14.0/STM32CubeIDE/plugins/com.st.stm32cube.ide.mcu.externaltools.gnu-tools-for-stm32.11.3.rel1.win32_1.1.100.202309141235/tools/bin/../lib/gcc/arm-none-eabi/11.3.1/../../../../arm-none-eabi/lib/thumb/v7e-m+fp/hard\libc_nano.a(libc_a-lock.o)
 .ARM.attributes
                0x000000000000085f       0x34 C:/ST/STM32CubeIDE_1.14.0/STM32CubeIDE/plugins/com.st.stm32cube.ide.mcu.externaltools.gnu-tools-for-stm32.11.3.rel1.win32_1.1.100.202309141235/tools/bin/../lib/gcc/arm-none-eabi/11.3.1/../../../../arm-none-eabi/lib/thumb/v7e-m+fp/hard\libc_nano.a(libc_a-memcpy-stub.o)
 .ARM.attributes
                0x0000000000000893       0x34 C:/ST/STM32CubeIDE_1.14.0/STM32CubeIDE/plugins/com.st.stm32cube.ide.mcu.externaltools.gnu-tools-for-stm32.11.3.rel1.win32_1.1.100.202309141235/tools/bin/../lib/gcc/arm-none-eabi/11.3.1/../../../../arm-none-eabi/lib/thumb/v7e-m+fp/hard\libc_nano.a(libc_a-freer.o)
 .ARM.attributes
                0x00000000000008c7       0x34 C:/ST/STM32CubeIDE_1.14.0/STM32CubeIDE/plugins/com.st.stm32cube.ide.mcu.externaltools.gnu-tools-for-stm32.11.3.rel1.win32_1.1.100.202309141235/tools/bin/../lib/gcc/arm-none-eabi/11.3.1/../../../../arm-none-eabi/lib/thumb/v7e-m+fp/hard\libc_nano.a(libc_a-mallocr.o)
 .ARM.attributes
                0x00000000000008fb       0x34 C:/ST/STM32CubeIDE_1.14.0/STM32CubeIDE/plugins/com.st.stm32cube.ide.mcu.externaltools.gnu-tools-for-stm32.11.3.rel1.win32_1.1.100.202309141235/tools/bin/../lib/gcc/arm-none-eabi/11.3.1/../../../../arm-none-eabi/lib/thumb/v7e-m+fp/hard\libc_nano.a(libc_a-mlock.o)
 .ARM.attributes
                0x000000000000092f       0x1e C:/ST/STM32CubeIDE_1.14.0/STM32CubeIDE/plugins/com.st.stm32cube.ide.mcu.externaltools.gnu-tools-for-stm32.11.3.rel1.win32_1.1.100.202309141235/tools/bin/../lib/gcc/arm-none-eabi/11.3.1/thumb/v7e-m+fp/hard\libgcc.a(_aeabi_uldivmod.o)
 .ARM.attributes
                0x000000000000094d       0x34 C:/ST/STM32CubeIDE_1.14.0/STM32CubeIDE/plugins/com.st.stm32cube.ide.mcu.externaltools.gnu-tools-for-stm32.11.3.rel1.win32_1.1.100.202309141235/tools/bin/../lib/gcc/arm-none-eabi/11.3.1/thumb/v7e-m+fp/hard\libgcc.a(_udivmoddi4.o)
 .ARM.attributes
                0x0000000000000981       0x1e C:/ST/STM32CubeIDE_1.14.0/STM32CubeIDE/plugins/com.st.stm32cube.ide.mcu.externaltools.gnu-tools-for-stm32.11.3.rel1.win32_1.1.100.202309141235/tools/bin/../lib/gcc/arm-none-eabi/11.3.1/thumb/v7e-m+fp/hard\libgcc.a(_dvmd_tls.o)
 .ARM.attributes
                0x000000000000099f       0x1e C:/ST/STM32CubeIDE_1.14.0/STM32CubeIDE/plugins/com.st.stm32cube.ide.mcu.externaltools.gnu-tools-for-stm32.11.3.rel1.win32_1.1.100.202309141235/tools/bin/../lib/gcc/arm-none-eabi/11.3.1/thumb/v7e-m+fp/hard/crtn.o
OUTPUT(Practica2_v2.elf elf32-littlearm)
LOAD linker stubs
LOAD C:/ST/STM32CubeIDE_1.14.0/STM32CubeIDE/plugins/com.st.stm32cube.ide.mcu.externaltools.gnu-tools-for-stm32.11.3.rel1.win32_1.1.100.202309141235/tools/bin/../lib/gcc/arm-none-eabi/11.3.1/../../../../arm-none-eabi/lib/thumb/v7e-m+fp/hard\libc.a
LOAD C:/ST/STM32CubeIDE_1.14.0/STM32CubeIDE/plugins/com.st.stm32cube.ide.mcu.externaltools.gnu-tools-for-stm32.11.3.rel1.win32_1.1.100.202309141235/tools/bin/../lib/gcc/arm-none-eabi/11.3.1/../../../../arm-none-eabi/lib/thumb/v7e-m+fp/hard\libm.a
LOAD C:/ST/STM32CubeIDE_1.14.0/STM32CubeIDE/plugins/com.st.stm32cube.ide.mcu.externaltools.gnu-tools-for-stm32.11.3.rel1.win32_1.1.100.202309141235/tools/bin/../lib/gcc/arm-none-eabi/11.3.1/thumb/v7e-m+fp/hard\libgcc.a

.comment        0x0000000000000000       0x43
 .comment       0x0000000000000000       0x43 C:/ST/STM32CubeIDE_1.14.0/STM32CubeIDE/plugins/com.st.stm32cube.ide.mcu.externaltools.gnu-tools-for-stm32.11.3.rel1.win32_1.1.100.202309141235/tools/bin/../lib/gcc/arm-none-eabi/11.3.1/thumb/v7e-m+fp/hard/crtbegin.o
                                         0x44 (size before relaxing)
 .comment       0x0000000000000043       0x44 ./Core/Src/LedTask.o
 .comment       0x0000000000000043       0x44 ./Core/Src/joy_driver.o
 .comment       0x0000000000000043       0x44 ./Core/Src/led_driver.o
 .comment       0x0000000000000043       0x44 ./Core/Src/main.o
 .comment       0x0000000000000043       0x44 ./Core/Src/stm32l4xx_hal_msp.o
 .comment       0x0000000000000043       0x44 ./Core/Src/stm32l4xx_hal_timebase_tim.o
 .comment       0x0000000000000043       0x44 ./Core/Src/stm32l4xx_it.o
 .comment       0x0000000000000043       0x44 ./Core/Src/system_stm32l4xx.o
 .comment       0x0000000000000043       0x44 ./Drivers/STM32L4xx_HAL_Driver/Src/stm32l4xx_hal.o
 .comment       0x0000000000000043       0x44 ./Drivers/STM32L4xx_HAL_Driver/Src/stm32l4xx_hal_cortex.o
 .comment       0x0000000000000043       0x44 ./Drivers/STM32L4xx_HAL_Driver/Src/stm32l4xx_hal_dfsdm.o
 .comment       0x0000000000000043       0x44 ./Drivers/STM32L4xx_HAL_Driver/Src/stm32l4xx_hal_gpio.o
 .comment       0x0000000000000043       0x44 ./Drivers/STM32L4xx_HAL_Driver/Src/stm32l4xx_hal_i2c.o
 .comment       0x0000000000000043       0x44 ./Drivers/STM32L4xx_HAL_Driver/Src/stm32l4xx_hal_i2c_ex.o
 .comment       0x0000000000000043       0x44 ./Drivers/STM32L4xx_HAL_Driver/Src/stm32l4xx_hal_pcd.o
 .comment       0x0000000000000043       0x44 ./Drivers/STM32L4xx_HAL_Driver/Src/stm32l4xx_hal_pcd_ex.o
 .comment       0x0000000000000043       0x44 ./Drivers/STM32L4xx_HAL_Driver/Src/stm32l4xx_hal_pwr.o
 .comment       0x0000000000000043       0x44 ./Drivers/STM32L4xx_HAL_Driver/Src/stm32l4xx_hal_pwr_ex.o
 .comment       0x0000000000000043       0x44 ./Drivers/STM32L4xx_HAL_Driver/Src/stm32l4xx_hal_qspi.o
 .comment       0x0000000000000043       0x44 ./Drivers/STM32L4xx_HAL_Driver/Src/stm32l4xx_hal_rcc.o
 .comment       0x0000000000000043       0x44 ./Drivers/STM32L4xx_HAL_Driver/Src/stm32l4xx_hal_rcc_ex.o
 .comment       0x0000000000000043       0x44 ./Drivers/STM32L4xx_HAL_Driver/Src/stm32l4xx_hal_spi.o
 .comment       0x0000000000000043       0x44 ./Drivers/STM32L4xx_HAL_Driver/Src/stm32l4xx_hal_tim.o
 .comment       0x0000000000000043       0x44 ./Drivers/STM32L4xx_HAL_Driver/Src/stm32l4xx_hal_tim_ex.o
 .comment       0x0000000000000043       0x44 ./Drivers/STM32L4xx_HAL_Driver/Src/stm32l4xx_hal_uart.o
 .comment       0x0000000000000043       0x44 ./Drivers/STM32L4xx_HAL_Driver/Src/stm32l4xx_ll_usb.o
 .comment       0x0000000000000043       0x44 ./Middlewares/Third_Party/FreeRTOS/Source/CMSIS_RTOS_V2/cmsis_os2.o
 .comment       0x0000000000000043       0x44 ./Middlewares/Third_Party/FreeRTOS/Source/list.o
 .comment       0x0000000000000043       0x44 ./Middlewares/Third_Party/FreeRTOS/Source/queue.o
 .comment       0x0000000000000043       0x44 ./Middlewares/Third_Party/FreeRTOS/Source/tasks.o
 .comment       0x0000000000000043       0x44 ./Middlewares/Third_Party/FreeRTOS/Source/timers.o
 .comment       0x0000000000000043       0x44 ./Middlewares/Third_Party/FreeRTOS/Source/portable/GCC/ARM_CM4F/port.o
 .comment       0x0000000000000043       0x44 ./Middlewares/Third_Party/FreeRTOS/Source/portable/MemMang/heap_4.o

.debug_info     0x0000000000000000    0x28331
 .debug_info    0x0000000000000000      0x43c ./Core/Src/LedTask.o
 .debug_info    0x000000000000043c      0x205 ./Core/Src/joy_driver.o
 .debug_info    0x0000000000000641      0x250 ./Core/Src/led_driver.o
 .debug_info    0x0000000000000891     0x272d ./Core/Src/main.o
 .debug_info    0x0000000000002fbe     0x21cd ./Core/Src/stm32l4xx_hal_msp.o
 .debug_info    0x000000000000518b      0xc6b ./Core/Src/stm32l4xx_hal_timebase_tim.o
 .debug_info    0x0000000000005df6      0x71a ./Core/Src/stm32l4xx_it.o
 .debug_info    0x0000000000006510      0x5b1 ./Core/Src/system_stm32l4xx.o
 .debug_info    0x0000000000006ac1       0x23 ./Core/Startup/startup_stm32l475vgtx.o
 .debug_info    0x0000000000006ae4      0xae5 ./Drivers/STM32L4xx_HAL_Driver/Src/stm32l4xx_hal.o
 .debug_info    0x00000000000075c9      0xd7b ./Drivers/STM32L4xx_HAL_Driver/Src/stm32l4xx_hal_cortex.o
 .debug_info    0x0000000000008344     0x1a51 ./Drivers/STM32L4xx_HAL_Driver/Src/stm32l4xx_hal_dfsdm.o
 .debug_info    0x0000000000009d95      0x757 ./Drivers/STM32L4xx_HAL_Driver/Src/stm32l4xx_hal_gpio.o
 .debug_info    0x000000000000a4ec     0x20d2 ./Drivers/STM32L4xx_HAL_Driver/Src/stm32l4xx_hal_i2c.o
 .debug_info    0x000000000000c5be      0x975 ./Drivers/STM32L4xx_HAL_Driver/Src/stm32l4xx_hal_i2c_ex.o
 .debug_info    0x000000000000cf33     0x14d6 ./Drivers/STM32L4xx_HAL_Driver/Src/stm32l4xx_hal_pcd.o
 .debug_info    0x000000000000e409      0x8a0 ./Drivers/STM32L4xx_HAL_Driver/Src/stm32l4xx_hal_pcd_ex.o
 .debug_info    0x000000000000eca9      0x91e ./Drivers/STM32L4xx_HAL_Driver/Src/stm32l4xx_hal_pwr.o
 .debug_info    0x000000000000f5c7      0x97a ./Drivers/STM32L4xx_HAL_Driver/Src/stm32l4xx_hal_pwr_ex.o
 .debug_info    0x000000000000ff41     0x115d ./Drivers/STM32L4xx_HAL_Driver/Src/stm32l4xx_hal_qspi.o
 .debug_info    0x000000000001109e      0xc14 ./Drivers/STM32L4xx_HAL_Driver/Src/stm32l4xx_hal_rcc.o
 .debug_info    0x0000000000011cb2      0xe11 ./Drivers/STM32L4xx_HAL_Driver/Src/stm32l4xx_hal_rcc_ex.o
 .debug_info    0x0000000000012ac3     0x1549 ./Drivers/STM32L4xx_HAL_Driver/Src/stm32l4xx_hal_spi.o
 .debug_info    0x000000000001400c     0x2a9a ./Drivers/STM32L4xx_HAL_Driver/Src/stm32l4xx_hal_tim.o
 .debug_info    0x0000000000016aa6     0x169e ./Drivers/STM32L4xx_HAL_Driver/Src/stm32l4xx_hal_tim_ex.o
 .debug_info    0x0000000000018144     0x3b69 ./Drivers/STM32L4xx_HAL_Driver/Src/stm32l4xx_hal_uart.o
 .debug_info    0x000000000001bcad     0x1994 ./Drivers/STM32L4xx_HAL_Driver/Src/stm32l4xx_ll_usb.o
 .debug_info    0x000000000001d641     0x4106 ./Middlewares/Third_Party/FreeRTOS/Source/CMSIS_RTOS_V2/cmsis_os2.o
 .debug_info    0x0000000000021747      0x2af ./Middlewares/Third_Party/FreeRTOS/Source/list.o
 .debug_info    0x00000000000219f6     0x1b79 ./Middlewares/Third_Party/FreeRTOS/Source/queue.o
 .debug_info    0x000000000002356f     0x28c0 ./Middlewares/Third_Party/FreeRTOS/Source/tasks.o
 .debug_info    0x0000000000025e2f     0x1b4f ./Middlewares/Third_Party/FreeRTOS/Source/timers.o
 .debug_info    0x000000000002797e      0x4de ./Middlewares/Third_Party/FreeRTOS/Source/portable/GCC/ARM_CM4F/port.o
 .debug_info    0x0000000000027e5c      0x4d5 ./Middlewares/Third_Party/FreeRTOS/Source/portable/MemMang/heap_4.o

.debug_abbrev   0x0000000000000000     0x4f9a
 .debug_abbrev  0x0000000000000000      0x18e ./Core/Src/LedTask.o
 .debug_abbrev  0x000000000000018e      0x11c ./Core/Src/joy_driver.o
 .debug_abbrev  0x00000000000002aa      0x12f ./Core/Src/led_driver.o
 .debug_abbrev  0x00000000000003d9      0x36e ./Core/Src/main.o
 .debug_abbrev  0x0000000000000747      0x27c ./Core/Src/stm32l4xx_hal_msp.o
 .debug_abbrev  0x00000000000009c3      0x1f4 ./Core/Src/stm32l4xx_hal_timebase_tim.o
 .debug_abbrev  0x0000000000000bb7      0x180 ./Core/Src/stm32l4xx_it.o
 .debug_abbrev  0x0000000000000d37      0x11a ./Core/Src/system_stm32l4xx.o
 .debug_abbrev  0x0000000000000e51       0x12 ./Core/Startup/startup_stm32l475vgtx.o
 .debug_abbrev  0x0000000000000e63      0x242 ./Drivers/STM32L4xx_HAL_Driver/Src/stm32l4xx_hal.o
 .debug_abbrev  0x00000000000010a5      0x31c ./Drivers/STM32L4xx_HAL_Driver/Src/stm32l4xx_hal_cortex.o
 .debug_abbrev  0x00000000000013c1      0x27e ./Drivers/STM32L4xx_HAL_Driver/Src/stm32l4xx_hal_dfsdm.o
 .debug_abbrev  0x000000000000163f      0x1cb ./Drivers/STM32L4xx_HAL_Driver/Src/stm32l4xx_hal_gpio.o
 .debug_abbrev  0x000000000000180a      0x261 ./Drivers/STM32L4xx_HAL_Driver/Src/stm32l4xx_hal_i2c.o
 .debug_abbrev  0x0000000000001a6b      0x1c3 ./Drivers/STM32L4xx_HAL_Driver/Src/stm32l4xx_hal_i2c_ex.o
 .debug_abbrev  0x0000000000001c2e      0x2da ./Drivers/STM32L4xx_HAL_Driver/Src/stm32l4xx_hal_pcd.o
 .debug_abbrev  0x0000000000001f08      0x256 ./Drivers/STM32L4xx_HAL_Driver/Src/stm32l4xx_hal_pcd_ex.o
 .debug_abbrev  0x000000000000215e      0x1d4 ./Drivers/STM32L4xx_HAL_Driver/Src/stm32l4xx_hal_pwr.o
 .debug_abbrev  0x0000000000002332      0x1f9 ./Drivers/STM32L4xx_HAL_Driver/Src/stm32l4xx_hal_pwr_ex.o
 .debug_abbrev  0x000000000000252b      0x250 ./Drivers/STM32L4xx_HAL_Driver/Src/stm32l4xx_hal_qspi.o
 .debug_abbrev  0x000000000000277b      0x2cb ./Drivers/STM32L4xx_HAL_Driver/Src/stm32l4xx_hal_rcc.o
 .debug_abbrev  0x0000000000002a46      0x2a6 ./Drivers/STM32L4xx_HAL_Driver/Src/stm32l4xx_hal_rcc_ex.o
 .debug_abbrev  0x0000000000002cec      0x260 ./Drivers/STM32L4xx_HAL_Driver/Src/stm32l4xx_hal_spi.o
 .debug_abbrev  0x0000000000002f4c      0x278 ./Drivers/STM32L4xx_HAL_Driver/Src/stm32l4xx_hal_tim.o
 .debug_abbrev  0x00000000000031c4      0x283 ./Drivers/STM32L4xx_HAL_Driver/Src/stm32l4xx_hal_tim_ex.o
 .debug_abbrev  0x0000000000003447      0x2d0 ./Drivers/STM32L4xx_HAL_Driver/Src/stm32l4xx_hal_uart.o
 .debug_abbrev  0x0000000000003717      0x2b1 ./Drivers/STM32L4xx_HAL_Driver/Src/stm32l4xx_ll_usb.o
 .debug_abbrev  0x00000000000039c8      0x548 ./Middlewares/Third_Party/FreeRTOS/Source/CMSIS_RTOS_V2/cmsis_os2.o
 .debug_abbrev  0x0000000000003f10       0xf5 ./Middlewares/Third_Party/FreeRTOS/Source/list.o
 .debug_abbrev  0x0000000000004005      0x3b6 ./Middlewares/Third_Party/FreeRTOS/Source/queue.o
 .debug_abbrev  0x00000000000043bb      0x3fe ./Middlewares/Third_Party/FreeRTOS/Source/tasks.o
 .debug_abbrev  0x00000000000047b9      0x368 ./Middlewares/Third_Party/FreeRTOS/Source/timers.o
 .debug_abbrev  0x0000000000004b21      0x25c ./Middlewares/Third_Party/FreeRTOS/Source/portable/GCC/ARM_CM4F/port.o
 .debug_abbrev  0x0000000000004d7d      0x21d ./Middlewares/Third_Party/FreeRTOS/Source/portable/MemMang/heap_4.o

.debug_aranges  0x0000000000000000     0x23b0
 .debug_aranges
                0x0000000000000000       0x58 ./Core/Src/LedTask.o
 .debug_aranges
                0x0000000000000058       0x20 ./Core/Src/joy_driver.o
 .debug_aranges
                0x0000000000000078       0x30 ./Core/Src/led_driver.o
 .debug_aranges
                0x00000000000000a8       0x80 ./Core/Src/main.o
 .debug_aranges
                0x0000000000000128       0x80 ./Core/Src/stm32l4xx_hal_msp.o
 .debug_aranges
                0x00000000000001a8       0x30 ./Core/Src/stm32l4xx_hal_timebase_tim.o
 .debug_aranges
                0x00000000000001d8       0x60 ./Core/Src/stm32l4xx_it.o
 .debug_aranges
                0x0000000000000238       0x28 ./Core/Src/system_stm32l4xx.o
 .debug_aranges
                0x0000000000000260       0x28 ./Core/Startup/startup_stm32l475vgtx.o
 .debug_aranges
                0x0000000000000288      0x130 ./Drivers/STM32L4xx_HAL_Driver/Src/stm32l4xx_hal.o
 .debug_aranges
                0x00000000000003b8      0x128 ./Drivers/STM32L4xx_HAL_Driver/Src/stm32l4xx_hal_cortex.o
 .debug_aranges
                0x00000000000004e0      0x248 ./Drivers/STM32L4xx_HAL_Driver/Src/stm32l4xx_hal_dfsdm.o
 .debug_aranges
                0x0000000000000728       0x58 ./Drivers/STM32L4xx_HAL_Driver/Src/stm32l4xx_hal_gpio.o
 .debug_aranges
                0x0000000000000780      0x2a0 ./Drivers/STM32L4xx_HAL_Driver/Src/stm32l4xx_hal_i2c.o
 .debug_aranges
                0x0000000000000a20       0x48 ./Drivers/STM32L4xx_HAL_Driver/Src/stm32l4xx_hal_i2c_ex.o
 .debug_aranges
                0x0000000000000a68      0x138 ./Drivers/STM32L4xx_HAL_Driver/Src/stm32l4xx_hal_pcd.o
 .debug_aranges
                0x0000000000000ba0       0x60 ./Drivers/STM32L4xx_HAL_Driver/Src/stm32l4xx_hal_pcd_ex.o
 .debug_aranges
                0x0000000000000c00       0x98 ./Drivers/STM32L4xx_HAL_Driver/Src/stm32l4xx_hal_pwr.o
 .debug_aranges
                0x0000000000000c98      0x150 ./Drivers/STM32L4xx_HAL_Driver/Src/stm32l4xx_hal_pwr_ex.o
 .debug_aranges
                0x0000000000000de8      0x160 ./Drivers/STM32L4xx_HAL_Driver/Src/stm32l4xx_hal_qspi.o
 .debug_aranges
                0x0000000000000f48       0x90 ./Drivers/STM32L4xx_HAL_Driver/Src/stm32l4xx_hal_rcc.o
 .debug_aranges
                0x0000000000000fd8       0xc0 ./Drivers/STM32L4xx_HAL_Driver/Src/stm32l4xx_hal_rcc_ex.o
 .debug_aranges
                0x0000000000001098      0x1d8 ./Drivers/STM32L4xx_HAL_Driver/Src/stm32l4xx_hal_spi.o
 .debug_aranges
                0x0000000000001270      0x3e0 ./Drivers/STM32L4xx_HAL_Driver/Src/stm32l4xx_hal_tim.o
 .debug_aranges
                0x0000000000001650      0x180 ./Drivers/STM32L4xx_HAL_Driver/Src/stm32l4xx_hal_tim_ex.o
 .debug_aranges
                0x00000000000017d0      0x228 ./Drivers/STM32L4xx_HAL_Driver/Src/stm32l4xx_hal_uart.o
 .debug_aranges
                0x00000000000019f8      0x1a0 ./Drivers/STM32L4xx_HAL_Driver/Src/stm32l4xx_ll_usb.o
 .debug_aranges
                0x0000000000001b98      0x2b0 ./Middlewares/Third_Party/FreeRTOS/Source/CMSIS_RTOS_V2/cmsis_os2.o
 .debug_aranges
                0x0000000000001e48       0x40 ./Middlewares/Third_Party/FreeRTOS/Source/list.o
 .debug_aranges
                0x0000000000001e88      0x158 ./Middlewares/Third_Party/FreeRTOS/Source/queue.o
 .debug_aranges
                0x0000000000001fe0      0x208 ./Middlewares/Third_Party/FreeRTOS/Source/tasks.o
 .debug_aranges
                0x00000000000021e8       0xf0 ./Middlewares/Third_Party/FreeRTOS/Source/timers.o
 .debug_aranges
                0x00000000000022d8       0x80 ./Middlewares/Third_Party/FreeRTOS/Source/portable/GCC/ARM_CM4F/port.o